D:/Environment/arm-gnu-toolchain-15.2.rel1-mingw-w64-x86_64-arm-none-eabi/arm-none-eabi/include/c++/15.2.1/new:206:7:void* operator new(std::size_t, void*)	16	static
D:/Environment/arm-gnu-toolchain-15.2.rel1-mingw-w64-x86_64-arm-none-eabi/arm-none-eabi/include/c++/15.2.1/bits/std_function.h:243:5:std::_Function_base::~_Function_base()	16	static
D:/Environment/arm-gnu-toolchain-15.2.rel1-mingw-w64-x86_64-arm-none-eabi/arm-none-eabi/include/c++/15.2.1/bits/std_function.h:249:10:bool std::_Function_base::_M_empty() const	16	static
D:/Environment/arm-gnu-toolchain-15.2.rel1-mingw-w64-x86_64-arm-none-eabi/arm-none-eabi/include/c++/15.2.1/bits/stl_algobase.h:234:5:constexpr const _Tp& std::min(const _Tp&, const _Tp&) [with _Tp = unsigned int]	16	static
D:/Environment/arm-gnu-toolchain-15.2.rel1-mingw-w64-x86_64-arm-none-eabi/arm-none-eabi/include/c++/15.2.1/bits/stl_tree.h:134:5:std::_Rb_tree_node_base* std::_Rb_tree_node_base::_M_base_ptr() const	16	static
D:/Environment/arm-gnu-toolchain-15.2.rel1-mingw-w64-x86_64-arm-none-eabi/arm-none-eabi/include/c++/15.2.1/bits/stl_tree.h:171:5:std::_Rb_tree_header::_Rb_tree_header()	16	static
D:/Environment/arm-gnu-toolchain-15.2.rel1-mingw-w64-x86_64-arm-none-eabi/arm-none-eabi/include/c++/15.2.1/bits/stl_tree.h:204:5:void std::_Rb_tree_header::_M_reset()	16	static
D:/Environment/arm-gnu-toolchain-15.2.rel1-mingw-w64-x86_64-arm-none-eabi/arm-none-eabi/include/c++/15.2.1/bits/std_function.h:336:11:std::function<void(long int&)>::~function()	16	static
D:/Environment/arm-gnu-toolchain-15.2.rel1-mingw-w64-x86_64-arm-none-eabi/arm-none-eabi/include/c++/15.2.1/bits/stl_vector.h:139:14:std::_Vector_base<pyro::uart_drv_t::rx_event_callback_t, std::allocator<pyro::uart_drv_t::rx_event_callback_t> >::_Vector_impl::~_Vector_impl()	24	static
D:/Environment/arm-gnu-toolchain-15.2.rel1-mingw-w64-x86_64-arm-none-eabi/arm-none-eabi/include/c++/15.2.1/bits/stl_vector.h:321:7:std::_Vector_base<_Tp, _Alloc>::_Vector_base() [with _Tp = pyro::uart_drv_t::rx_event_callback_t; _Alloc = std::allocator<pyro::uart_drv_t::rx_event_callback_t>]	16	static
D:/Environment/arm-gnu-toolchain-15.2.rel1-mingw-w64-x86_64-arm-none-eabi/arm-none-eabi/include/c++/15.2.1/bits/stl_vector.h:561:7:std::vector<_Tp, _Alloc>::vector() [with _Tp = pyro::uart_drv_t::rx_event_callback_t; _Alloc = std::allocator<pyro::uart_drv_t::rx_event_callback_t>]	16	static
D:/WorkSpace/OldRobot/PYRo-engineer-old/PYRo/Peripheral/UART/pyro_uart_drv.cpp:25:1:pyro::uart_drv_t::uart_drv_t(UART_HandleTypeDef*, uint16_t)	32	static
D:/WorkSpace/OldRobot/PYRo-engineer-old/PYRo/Peripheral/UART/pyro_uart_drv.cpp:45:1:pyro::uart_drv_t::~uart_drv_t()	16	static
D:/Environment/arm-gnu-toolchain-15.2.rel1-mingw-w64-x86_64-arm-none-eabi/arm-none-eabi/include/c++/15.2.1/bits/stl_tree.h:1303:9:std::_Rb_tree<__UART_HandleTypeDef*, std::pair<__UART_HandleTypeDef* const, pyro::uart_drv_t*>, std::_Select1st<std::pair<__UART_HandleTypeDef* const, pyro::uart_drv_t*> >, std::less<__UART_HandleTypeDef*>, std::allocator<std::pair<__UART_HandleTypeDef* const, pyro::uart_drv_t*> > >::_Rb_tree_impl<std::less<__UART_HandleTypeDef*>, true>::~_Rb_tree_impl()	24	static
D:/Environment/arm-gnu-toolchain-15.2.rel1-mingw-w64-x86_64-arm-none-eabi/arm-none-eabi/include/c++/15.2.1/bits/stl_tree.h:1553:7:std::_Rb_tree<_Key, _Val, _KeyOfValue, _Compare, _Alloc>::_Rb_tree() [with _Key = __UART_HandleTypeDef*; _Val = std::pair<__UART_HandleTypeDef* const, pyro::uart_drv_t*>; _KeyOfValue = std::_Select1st<std::pair<__UART_HandleTypeDef* const, pyro::uart_drv_t*> >; _Compare = std::less<__UART_HandleTypeDef*>; _Alloc = std::allocator<std::pair<__UART_HandleTypeDef* const, pyro::uart_drv_t*> >]	16	static
D:/Environment/arm-gnu-toolchain-15.2.rel1-mingw-w64-x86_64-arm-none-eabi/arm-none-eabi/include/c++/15.2.1/bits/stl_map.h:200:7:std::map<_Key, _Tp, _Compare, _Alloc>::map() [with _Key = __UART_HandleTypeDef*; _Tp = pyro::uart_drv_t*; _Compare = std::less<__UART_HandleTypeDef*>; _Alloc = std::allocator<std::pair<__UART_HandleTypeDef* const, pyro::uart_drv_t*> >]	16	static
D:/Environment/arm-gnu-toolchain-15.2.rel1-mingw-w64-x86_64-arm-none-eabi/arm-none-eabi/include/c++/15.2.1/bits/stl_map.h:337:7:std::map<_Key, _Tp, _Compare, _Alloc>::~map() [with _Key = __UART_HandleTypeDef*; _Tp = pyro::uart_drv_t*; _Compare = std::less<__UART_HandleTypeDef*>; _Alloc = std::allocator<std::pair<__UART_HandleTypeDef* const, pyro::uart_drv_t*> >]	16	static
D:/WorkSpace/OldRobot/PYRo-engineer-old/PYRo/Peripheral/UART/pyro_uart_drv.cpp:66:47:static std::map<__UART_HandleTypeDef*, pyro::uart_drv_t*>& pyro::uart_drv_t::uart_map()	8	static
D:/WorkSpace/OldRobot/PYRo-engineer-old/PYRo/Peripheral/UART/pyro_uart_drv.cpp:73:10:pyro::status_t pyro::uart_drv_t::write(const uint8_t*, uint16_t, uint32_t)	32	static
D:/WorkSpace/OldRobot/PYRo-engineer-old/PYRo/Peripheral/UART/pyro_uart_drv.cpp:92:10:pyro::status_t pyro::uart_drv_t::write(const uint8_t*, uint16_t)	32	static
D:/WorkSpace/OldRobot/PYRo-engineer-old/PYRo/Peripheral/UART/pyro_uart_drv.cpp:106:49:pyro::status_t pyro::uart_drv_t::enable_rx_dma()	24	static
D:/WorkSpace/OldRobot/PYRo-engineer-old/PYRo/Peripheral/UART/pyro_uart_drv.cpp:135:10:pyro::status_t pyro::uart_drv_t::disable_rx_dma()	16	static
D:/WorkSpace/OldRobot/PYRo-engineer-old/PYRo/Peripheral/UART/pyro_uart_drv.cpp:148:10:pyro::status_t pyro::uart_drv_t::reset(uint32_t, uint32_t, uint32_t, uint32_t)	24	static
D:/WorkSpace/OldRobot/PYRo-engineer-old/PYRo/Peripheral/UART/pyro_uart_drv.cpp:176:10:pyro::status_t pyro::uart_drv_t::set_pin_swap(bool)	16	static
D:/WorkSpace/OldRobot/PYRo-engineer-old/PYRo/Peripheral/UART/pyro_uart_drv.cpp:202:10:pyro::status_t pyro::uart_drv_t::set_level_invert(bool, bool)	16	static
D:/Environment/arm-gnu-toolchain-15.2.rel1-mingw-w64-x86_64-arm-none-eabi/arm-none-eabi/include/c++/15.2.1/bits/std_function.h:336:11:std::function<bool(unsigned char*, short unsigned int, long int&)>::~function()	16	static
D:/WorkSpace/OldRobot/PYRo-engineer-old/PYRo/Peripheral/UART/pyro_uart_drv.h:73:20:pyro::uart_drv_t::rx_event_callback_t::rx_event_callback_t()	16	static
D:/WorkSpace/OldRobot/PYRo-engineer-old/PYRo/Peripheral/UART/pyro_uart_drv.h:73:20:pyro::uart_drv_t::rx_event_callback_t::~rx_event_callback_t()	16	static
D:/WorkSpace/OldRobot/PYRo-engineer-old/PYRo/Peripheral/UART/pyro_uart_drv.cpp:230:6:void pyro::uart_drv_t::add_rx_event_callback(const rx_event_func&, uint32_t)	48	static
D:/WorkSpace/OldRobot/PYRo-engineer-old/PYRo/Peripheral/UART/pyro_uart_drv.cpp:239:10:pyro::status_t pyro::uart_drv_t::remove_rx_event_callback(uint32_t)	40	static
D:/WorkSpace/OldRobot/PYRo-engineer-old/PYRo/Peripheral/UART/pyro_uart_drv.cpp:254:10:pyro::status_t pyro::uart_drv_t::register_event_callback(pUART_RxEventCallbackTypeDef) const	16	static
D:/WorkSpace/OldRobot/PYRo-engineer-old/PYRo/Peripheral/UART/pyro_uart_drv.cpp:262:10:pyro::status_t pyro::uart_drv_t::unregister_event_callback() const	16	static
D:/WorkSpace/OldRobot/PYRo-engineer-old/PYRo/Peripheral/UART/pyro_uart_drv.cpp:270:1:pyro::status_t pyro::uart_drv_t::register_callback(HAL_UART_CallbackIDTypeDef, pUART_CallbackTypeDef) const	24	static
D:/WorkSpace/OldRobot/PYRo-engineer-old/PYRo/Peripheral/UART/pyro_uart_drv.cpp:279:1:pyro::status_t pyro::uart_drv_t::unregister_callback(HAL_UART_CallbackIDTypeDef) const	16	static
D:/WorkSpace/OldRobot/PYRo-engineer-old/PYRo/Peripheral/UART/pyro_uart_drv.cpp:291:1:void HAL_UARTEx_RxEventCallback(UART_HandleTypeDef*, uint16_t)	56	static
D:/WorkSpace/OldRobot/PYRo-engineer-old/PYRo/Peripheral/UART/pyro_uart_drv.cpp:327:1:void HAL_UART_ErrorCallback(UART_HandleTypeDef*)	32	static
D:/WorkSpace/OldRobot/PYRo-engineer-old/PYRo/Peripheral/UART/pyro_uart_drv.cpp:345:1:void HAL_UART_TxCpltCallback(UART_HandleTypeDef*)	32	static
D:/Environment/arm-gnu-toolchain-15.2.rel1-mingw-w64-x86_64-arm-none-eabi/arm-none-eabi/include/c++/15.2.1/bits/stl_algobase.h:258:5:constexpr const _Tp& std::max(const _Tp&, const _Tp&) [with _Tp = unsigned int]	16	static
D:/Environment/arm-gnu-toolchain-15.2.rel1-mingw-w64-x86_64-arm-none-eabi/arm-none-eabi/include/c++/15.2.1/bits/std_function.h:241:5:constexpr std::_Function_base::_Function_base()	16	static
D:/Environment/arm-gnu-toolchain-15.2.rel1-mingw-w64-x86_64-arm-none-eabi/arm-none-eabi/include/c++/15.2.1/bits/std_function.h:377:7:)>::function(std::nullptr_t) [with _Res = void; _ArgTypes = {long int&}]	16	static
D:/Environment/arm-gnu-toolchain-15.2.rel1-mingw-w64-x86_64-arm-none-eabi/arm-none-eabi/include/c++/15.2.1/bits/stl_vector.h:143:2:std::_Vector_base<_Tp, _Alloc>::_Vector_impl::_Vector_impl() [with _Tp = pyro::uart_drv_t::rx_event_callback_t; _Alloc = std::allocator<pyro::uart_drv_t::rx_event_callback_t>]	24	static
D:/Environment/arm-gnu-toolchain-15.2.rel1-mingw-w64-x86_64-arm-none-eabi/arm-none-eabi/include/c++/15.2.1/bits/stl_vector.h:373:7:std::_Vector_base<_Tp, _Alloc>::~_Vector_base() [with _Tp = pyro::uart_drv_t::rx_event_callback_t; _Alloc = std::allocator<pyro::uart_drv_t::rx_event_callback_t>]	16	static
D:/Environment/arm-gnu-toolchain-15.2.rel1-mingw-w64-x86_64-arm-none-eabi/arm-none-eabi/include/c++/15.2.1/bits/stl_vector.h:800:7:std::vector<_Tp, _Alloc>::~vector() [with _Tp = pyro::uart_drv_t::rx_event_callback_t; _Alloc = std::allocator<pyro::uart_drv_t::rx_event_callback_t>]	40	static
D:/Environment/arm-gnu-toolchain-15.2.rel1-mingw-w64-x86_64-arm-none-eabi/arm-none-eabi/include/c++/15.2.1/bits/stl_map.h:527:7:std::map<_Key, _Tp, _Compare, _Alloc>::mapped_type& std::map<_Key, _Tp, _Compare, _Alloc>::operator[](const key_type&) [with _Key = __UART_HandleTypeDef*; _Tp = pyro::uart_drv_t*; _Compare = std::less<__UART_HandleTypeDef*>; _Alloc = std::allocator<std::pair<__UART_HandleTypeDef* const, pyro::uart_drv_t*> >]	56	static
D:/Environment/arm-gnu-toolchain-15.2.rel1-mingw-w64-x86_64-arm-none-eabi/arm-none-eabi/include/c++/15.2.1/bits/stl_map.h:1158:7:std::map<_Key, _Tp, _Compare, _Alloc>::size_type std::map<_Key, _Tp, _Compare, _Alloc>::erase(const key_type&) [with _Key = __UART_HandleTypeDef*; _Tp = pyro::uart_drv_t*; _Compare = std::less<__UART_HandleTypeDef*>; _Alloc = std::allocator<std::pair<__UART_HandleTypeDef* const, pyro::uart_drv_t*> >]	16	static
D:/Environment/arm-gnu-toolchain-15.2.rel1-mingw-w64-x86_64-arm-none-eabi/arm-none-eabi/include/c++/15.2.1/bits/stl_tree.h:1310:4:std::_Rb_tree<_Key, _Val, _KeyOfValue, _Compare, _Alloc>::_Rb_tree_impl<_Key_compare, <anonymous> >::_Rb_tree_impl() [with _Key_compare = std::less<__UART_HandleTypeDef*>; bool <anonymous> = true; _Key = __UART_HandleTypeDef*; _Val = std::pair<__UART_HandleTypeDef* const, pyro::uart_drv_t*>; _KeyOfValue = std::_Select1st<std::pair<__UART_HandleTypeDef* const, pyro::uart_drv_t*> >; _Compare = std::less<__UART_HandleTypeDef*>; _Alloc = std::allocator<std::pair<__UART_HandleTypeDef* const, pyro::uart_drv_t*> >]	24	static
D:/Environment/arm-gnu-toolchain-15.2.rel1-mingw-w64-x86_64-arm-none-eabi/arm-none-eabi/include/c++/15.2.1/bits/stl_tree.h:1608:7:std::_Rb_tree<_Key, _Val, _KeyOfValue, _Compare, _Alloc>::~_Rb_tree() [with _Key = __UART_HandleTypeDef*; _Val = std::pair<__UART_HandleTypeDef* const, pyro::uart_drv_t*>; _KeyOfValue = std::_Select1st<std::pair<__UART_HandleTypeDef* const, pyro::uart_drv_t*> >; _Compare = std::less<__UART_HandleTypeDef*>; _Alloc = std::allocator<std::pair<__UART_HandleTypeDef* const, pyro::uart_drv_t*> >]	16	static
D:/Environment/arm-gnu-toolchain-15.2.rel1-mingw-w64-x86_64-arm-none-eabi/arm-none-eabi/include/c++/15.2.1/bits/std_function.h:370:7:)>::function() [with _Res = bool; _ArgTypes = {unsigned char*, short unsigned int, long int&}]	16	static
D:/Environment/arm-gnu-toolchain-15.2.rel1-mingw-w64-x86_64-arm-none-eabi/arm-none-eabi/include/c++/15.2.1/bits/std_function.h:471:7:)>&) [with _Res = bool; _ArgTypes = {unsigned char*, short unsigned int, long int&}]	32	static
D:/Environment/arm-gnu-toolchain-15.2.rel1-mingw-w64-x86_64-arm-none-eabi/arm-none-eabi/include/c++/15.2.1/bits/stl_vector.h:1416:7:void std::vector<_Tp, _Alloc>::push_back(const value_type&) [with _Tp = pyro::uart_drv_t::rx_event_callback_t; _Alloc = std::allocator<pyro::uart_drv_t::rx_event_callback_t>]	48	static
D:/Environment/arm-gnu-toolchain-15.2.rel1-mingw-w64-x86_64-arm-none-eabi/arm-none-eabi/include/c++/15.2.1/bits/stl_vector.h:998:7:std::vector<_Tp, _Alloc>::iterator std::vector<_Tp, _Alloc>::begin() [with _Tp = pyro::uart_drv_t::rx_event_callback_t; _Alloc = std::allocator<pyro::uart_drv_t::rx_event_callback_t>]	24	static
D:/Environment/arm-gnu-toolchain-15.2.rel1-mingw-w64-x86_64-arm-none-eabi/arm-none-eabi/include/c++/15.2.1/bits/stl_vector.h:1018:7:std::vector<_Tp, _Alloc>::iterator std::vector<_Tp, _Alloc>::end() [with _Tp = pyro::uart_drv_t::rx_event_callback_t; _Alloc = std::allocator<pyro::uart_drv_t::rx_event_callback_t>]	24	static
D:/Environment/arm-gnu-toolchain-15.2.rel1-mingw-w64-x86_64-arm-none-eabi/arm-none-eabi/include/c++/15.2.1/bits/stl_vector.h:1792:7:std::vector<_Tp, _Alloc>::iterator std::vector<_Tp, _Alloc>::erase(const_iterator) [with _Tp = pyro::uart_drv_t::rx_event_callback_t; _Alloc = std::allocator<pyro::uart_drv_t::rx_event_callback_t>]	48	static
D:/Environment/arm-gnu-toolchain-15.2.rel1-mingw-w64-x86_64-arm-none-eabi/arm-none-eabi/include/c++/15.2.1/bits/stl_map.h:1259:7:std::map<_Key, _Tp, _Compare, _Alloc>::iterator std::map<_Key, _Tp, _Compare, _Alloc>::find(const key_type&) [with _Key = __UART_HandleTypeDef*; _Tp = pyro::uart_drv_t*; _Compare = std::less<__UART_HandleTypeDef*>; _Alloc = std::allocator<std::pair<__UART_HandleTypeDef* const, pyro::uart_drv_t*> >]	16	static
D:/Environment/arm-gnu-toolchain-15.2.rel1-mingw-w64-x86_64-arm-none-eabi/arm-none-eabi/include/c++/15.2.1/bits/stl_map.h:409:7:std::map<_Key, _Tp, _Compare, _Alloc>::iterator std::map<_Key, _Tp, _Compare, _Alloc>::end() [with _Key = __UART_HandleTypeDef*; _Tp = pyro::uart_drv_t*; _Compare = std::less<__UART_HandleTypeDef*>; _Alloc = std::allocator<std::pair<__UART_HandleTypeDef* const, pyro::uart_drv_t*> >]	16	static
D:/Environment/arm-gnu-toolchain-15.2.rel1-mingw-w64-x86_64-arm-none-eabi/arm-none-eabi/include/c++/15.2.1/bits/stl_tree.h:436:7:bool std::operator!=(const _Rb_tree_iterator<pair<__UART_HandleTypeDef* const, pyro::uart_drv_t*> >&, const _Rb_tree_iterator<pair<__UART_HandleTypeDef* const, pyro::uart_drv_t*> >&)	16	static
D:/Environment/arm-gnu-toolchain-15.2.rel1-mingw-w64-x86_64-arm-none-eabi/arm-none-eabi/include/c++/15.2.1/bits/stl_tree.h:396:7:_Tp* std::_Rb_tree_iterator<_Tp>::operator->() const [with _Tp = std::pair<__UART_HandleTypeDef* const, pyro::uart_drv_t*>]	16	static
D:/Environment/arm-gnu-toolchain-15.2.rel1-mingw-w64-x86_64-arm-none-eabi/arm-none-eabi/include/c++/15.2.1/bits/std_function.h:589:7:) const [with _Res = bool; _ArgTypes = {unsigned char*, short unsigned int, long int&}]	40	static
D:/Environment/arm-gnu-toolchain-15.2.rel1-mingw-w64-x86_64-arm-none-eabi/arm-none-eabi/include/c++/15.2.1/bits/std_function.h:575:16:)>::operator bool() const [with _Res = void; _ArgTypes = {long int&}]	16	static
D:/Environment/arm-gnu-toolchain-15.2.rel1-mingw-w64-x86_64-arm-none-eabi/arm-none-eabi/include/c++/15.2.1/bits/std_function.h:589:7:) const [with _Res = void; _ArgTypes = {long int&}]	24	static
D:/Environment/arm-gnu-toolchain-15.2.rel1-mingw-w64-x86_64-arm-none-eabi/arm-none-eabi/include/c++/15.2.1/bits/stl_vector.h:105:2:std::_Vector_base<_Tp, _Alloc>::_Vector_impl_data::_Vector_impl_data() [with _Tp = pyro::uart_drv_t::rx_event_callback_t; _Alloc = std::allocator<pyro::uart_drv_t::rx_event_callback_t>]	16	static
D:/Environment/arm-gnu-toolchain-15.2.rel1-mingw-w64-x86_64-arm-none-eabi/arm-none-eabi/include/c++/15.2.1/bits/new_allocator.h:104:7:std::__new_allocator<_Tp>::~__new_allocator() [with _Tp = pyro::uart_drv_t::rx_event_callback_t]	16	static
D:/Environment/arm-gnu-toolchain-15.2.rel1-mingw-w64-x86_64-arm-none-eabi/arm-none-eabi/include/c++/15.2.1/bits/stl_vector.h:392:7:void std::_Vector_base<_Tp, _Alloc>::_M_deallocate(pointer, std::size_t) [with _Tp = pyro::uart_drv_t::rx_event_callback_t; _Alloc = std::allocator<pyro::uart_drv_t::rx_event_callback_t>]	40	static
D:/Environment/arm-gnu-toolchain-15.2.rel1-mingw-w64-x86_64-arm-none-eabi/arm-none-eabi/include/c++/15.2.1/bits/stl_vector.h:307:7:std::_Vector_base<_Tp, _Alloc>::_Tp_alloc_type& std::_Vector_base<_Tp, _Alloc>::_M_get_Tp_allocator() [with _Tp = pyro::uart_drv_t::rx_event_callback_t; _Alloc = std::allocator<pyro::uart_drv_t::rx_event_callback_t>]	16	static
D:/Environment/arm-gnu-toolchain-15.2.rel1-mingw-w64-x86_64-arm-none-eabi/arm-none-eabi/include/c++/15.2.1/bits/stl_map.h:1348:7:std::map<_Key, _Tp, _Compare, _Alloc>::iterator std::map<_Key, _Tp, _Compare, _Alloc>::lower_bound(const key_type&) [with _Key = __UART_HandleTypeDef*; _Tp = pyro::uart_drv_t*; _Compare = std::less<__UART_HandleTypeDef*>; _Alloc = std::allocator<std::pair<__UART_HandleTypeDef* const, pyro::uart_drv_t*> >]	16	static
D:/Environment/arm-gnu-toolchain-15.2.rel1-mingw-w64-x86_64-arm-none-eabi/arm-none-eabi/include/c++/15.2.1/bits/stl_tree.h:430:7:bool std::operator==(const _Rb_tree_iterator<pair<__UART_HandleTypeDef* const, pyro::uart_drv_t*> >&, const _Rb_tree_iterator<pair<__UART_HandleTypeDef* const, pyro::uart_drv_t*> >&)	16	static
D:/Environment/arm-gnu-toolchain-15.2.rel1-mingw-w64-x86_64-arm-none-eabi/arm-none-eabi/include/c++/15.2.1/bits/stl_map.h:1232:7:std::map<_Key, _Tp, _Compare, _Alloc>::key_compare std::map<_Key, _Tp, _Compare, _Alloc>::key_comp() const [with _Key = __UART_HandleTypeDef*; _Tp = pyro::uart_drv_t*; _Compare = std::less<__UART_HandleTypeDef*>; _Alloc = std::allocator<std::pair<__UART_HandleTypeDef* const, pyro::uart_drv_t*> >]	24	static
D:/Environment/arm-gnu-toolchain-15.2.rel1-mingw-w64-x86_64-arm-none-eabi/arm-none-eabi/include/c++/15.2.1/bits/stl_tree.h:392:7:_Tp& std::_Rb_tree_iterator<_Tp>::operator*() const [with _Tp = std::pair<__UART_HandleTypeDef* const, pyro::uart_drv_t*>]	16	static
D:/Environment/arm-gnu-toolchain-15.2.rel1-mingw-w64-x86_64-arm-none-eabi/arm-none-eabi/include/c++/15.2.1/bits/stl_function.h:448:7:constexpr bool std::less<_Tp*>::operator()(_Tp*, _Tp*) const [with _Tp = __UART_HandleTypeDef]	24	static
D:/Environment/arm-gnu-toolchain-15.2.rel1-mingw-w64-x86_64-arm-none-eabi/arm-none-eabi/include/c++/15.2.1/tuple:1473:2:>(), bool>::type <anonymous> = true; _Elements = {__UART_HandleTypeDef* const&}]	16	static
D:/Environment/arm-gnu-toolchain-15.2.rel1-mingw-w64-x86_64-arm-none-eabi/arm-none-eabi/include/c++/15.2.1/bits/stl_tree.h:466:7:std::_Rb_tree_const_iterator<_Tp>::_Rb_tree_const_iterator(const iterator&) [with _Tp = std::pair<__UART_HandleTypeDef* const, pyro::uart_drv_t*>]	16	static
D:/Environment/arm-gnu-toolchain-15.2.rel1-mingw-w64-x86_64-arm-none-eabi/arm-none-eabi/include/c++/15.2.1/bits/stl_tree.h:3080:7:) [with _Args = {const std::piecewise_construct_t&, std::tuple<__UART_HandleTypeDef* const&>, std::tuple<>}; _Key = __UART_HandleTypeDef*; _Val = std::pair<__UART_HandleTypeDef* const, pyro::uart_drv_t*>; _KeyOfValue = std::_Select1st<std::pair<__UART_HandleTypeDef* const, pyro::uart_drv_t*> >; _Compare = std::less<__UART_HandleTypeDef*>; _Alloc = std::allocator<std::pair<__UART_HandleTypeDef* const, pyro::uart_drv_t*> >]	72	static
D:/Environment/arm-gnu-toolchain-15.2.rel1-mingw-w64-x86_64-arm-none-eabi/arm-none-eabi/include/c++/15.2.1/bits/stl_tree.h:3136:5:std::_Rb_tree<_Key, _Val, _KeyOfValue, _Compare, _Alloc>::size_type std::_Rb_tree<_Key, _Val, _KeyOfValue, _Compare, _Alloc>::erase(const _Key&) [with _Key = __UART_HandleTypeDef*; _Val = std::pair<__UART_HandleTypeDef* const, pyro::uart_drv_t*>; _KeyOfValue = std::_Select1st<std::pair<__UART_HandleTypeDef* const, pyro::uart_drv_t*> >; _Compare = std::less<__UART_HandleTypeDef*>; _Alloc = std::allocator<std::pair<__UART_HandleTypeDef* const, pyro::uart_drv_t*> >]	40	static
D:/Environment/arm-gnu-toolchain-15.2.rel1-mingw-w64-x86_64-arm-none-eabi/arm-none-eabi/include/c++/15.2.1/bits/stl_tree.h:144:7:std::_Rb_tree_key_compare<_Key_compare>::_Rb_tree_key_compare() [with _Key_compare = std::less<__UART_HandleTypeDef*>]	16	static
D:/Environment/arm-gnu-toolchain-15.2.rel1-mingw-w64-x86_64-arm-none-eabi/arm-none-eabi/include/c++/15.2.1/bits/new_allocator.h:104:7:std::__new_allocator<_Tp>::~__new_allocator() [with _Tp = std::_Rb_tree_node<std::pair<__UART_HandleTypeDef* const, pyro::uart_drv_t*> >]	16	static
D:/Environment/arm-gnu-toolchain-15.2.rel1-mingw-w64-x86_64-arm-none-eabi/arm-none-eabi/include/c++/15.2.1/bits/stl_tree.h:2582:5:void std::_Rb_tree<_Key, _Val, _KeyOfValue, _Compare, _Alloc>::_M_erase(_Node_ptr) [with _Key = __UART_HandleTypeDef*; _Val = std::pair<__UART_HandleTypeDef* const, pyro::uart_drv_t*>; _KeyOfValue = std::_Select1st<std::pair<__UART_HandleTypeDef* const, pyro::uart_drv_t*> >; _Compare = std::less<__UART_HandleTypeDef*>; _Alloc = std::allocator<std::pair<__UART_HandleTypeDef* const, pyro::uart_drv_t*> >]	24	static
D:/Environment/arm-gnu-toolchain-15.2.rel1-mingw-w64-x86_64-arm-none-eabi/arm-none-eabi/include/c++/15.2.1/bits/stl_tree.h:1381:7:std::_Rb_tree<_Key, _Val, _KeyOfValue, _Compare, _Alloc>::_Node_ptr std::_Rb_tree<_Key, _Val, _KeyOfValue, _Compare, _Alloc>::_M_begin_node() const [with _Key = __UART_HandleTypeDef*; _Val = std::pair<__UART_HandleTypeDef* const, pyro::uart_drv_t*>; _KeyOfValue = std::_Select1st<std::pair<__UART_HandleTypeDef* const, pyro::uart_drv_t*> >; _Compare = std::less<__UART_HandleTypeDef*>; _Alloc = std::allocator<std::pair<__UART_HandleTypeDef* const, pyro::uart_drv_t*> >]	24	static
D:/Environment/arm-gnu-toolchain-15.2.rel1-mingw-w64-x86_64-arm-none-eabi/arm-none-eabi/include/c++/15.2.1/bits/std_function.h:388:7:)>&) [with _Res = bool; _ArgTypes = {unsigned char*, short unsigned int, long int&}]	16	static
D:/Environment/arm-gnu-toolchain-15.2.rel1-mingw-w64-x86_64-arm-none-eabi/arm-none-eabi/include/c++/15.2.1/bits/std_function.h:558:12:)>&) [with _Res = bool; _ArgTypes = {unsigned char*, short unsigned int, long int&}]	16	static
D:/Environment/arm-gnu-toolchain-15.2.rel1-mingw-w64-x86_64-arm-none-eabi/arm-none-eabi/include/c++/15.2.1/bits/vector.tcc:557:7:) [with _Args = {const pyro::uart_drv_t::rx_event_callback_t&}; _Tp = pyro::uart_drv_t::rx_event_callback_t; _Alloc = std::allocator<pyro::uart_drv_t::rx_event_callback_t>]	112	static
D:/Environment/arm-gnu-toolchain-15.2.rel1-mingw-w64-x86_64-arm-none-eabi/arm-none-eabi/include/c++/15.2.1/bits/stl_vector.h:1079:7:std::vector<_Tp, _Alloc>::const_iterator std::vector<_Tp, _Alloc>::cbegin() const [with _Tp = pyro::uart_drv_t::rx_event_callback_t; _Alloc = std::allocator<pyro::uart_drv_t::rx_event_callback_t>]	24	static
D:/Environment/arm-gnu-toolchain-15.2.rel1-mingw-w64-x86_64-arm-none-eabi/arm-none-eabi/include/c++/15.2.1/bits/vector.tcc:181:5:std::vector<_Tp, _Alloc>::iterator std::vector<_Tp, _Alloc>::_M_erase(iterator) [with _Tp = pyro::uart_drv_t::rx_event_callback_t; _Alloc = std::allocator<pyro::uart_drv_t::rx_event_callback_t>]	80	static
D:/Environment/arm-gnu-toolchain-15.2.rel1-mingw-w64-x86_64-arm-none-eabi/arm-none-eabi/include/c++/15.2.1/bits/stl_tree.h:3149:5:std::_Rb_tree<_Key, _Val, _KeyOfValue, _Compare, _Alloc>::iterator std::_Rb_tree<_Key, _Val, _KeyOfValue, _Compare, _Alloc>::find(const _Key&) [with _Key = __UART_HandleTypeDef*; _Val = std::pair<__UART_HandleTypeDef* const, pyro::uart_drv_t*>; _KeyOfValue = std::_Select1st<std::pair<__UART_HandleTypeDef* const, pyro::uart_drv_t*> >; _Compare = std::less<__UART_HandleTypeDef*>; _Alloc = std::allocator<std::pair<__UART_HandleTypeDef* const, pyro::uart_drv_t*> >]	32	static
D:/Environment/arm-gnu-toolchain-15.2.rel1-mingw-w64-x86_64-arm-none-eabi/arm-none-eabi/include/c++/15.2.1/bits/stl_tree.h:1628:7:std::_Rb_tree<_Key, _Val, _KeyOfValue, _Compare, _Alloc>::iterator std::_Rb_tree<_Key, _Val, _KeyOfValue, _Compare, _Alloc>::end() [with _Key = __UART_HandleTypeDef*; _Val = std::pair<__UART_HandleTypeDef* const, pyro::uart_drv_t*>; _KeyOfValue = std::_Select1st<std::pair<__UART_HandleTypeDef* const, pyro::uart_drv_t*> >; _Compare = std::less<__UART_HandleTypeDef*>; _Alloc = std::allocator<std::pair<__UART_HandleTypeDef* const, pyro::uart_drv_t*> >]	24	static
D:/Environment/arm-gnu-toolchain-15.2.rel1-mingw-w64-x86_64-arm-none-eabi/arm-none-eabi/include/c++/15.2.1/bits/stl_tree.h:230:7:_Val* std::_Rb_tree_node<_Val>::_M_valptr() [with _Val = std::pair<__UART_HandleTypeDef* const, pyro::uart_drv_t*>]	16	static
D:/Environment/arm-gnu-toolchain-15.2.rel1-mingw-w64-x86_64-arm-none-eabi/arm-none-eabi/include/c++/15.2.1/bits/move.h:227:5:std::_Require<std::__not_<std::__is_tuple_like<_Tp> >, std::is_move_constructible<_Tp>, std::is_move_assignable<_Tp> > std::swap(_Tp&, _Tp&) [with _Tp = _Any_data]	32	static
D:/Environment/arm-gnu-toolchain-15.2.rel1-mingw-w64-x86_64-arm-none-eabi/arm-none-eabi/include/c++/15.2.1/bits/move.h:227:5:std::_Require<std::__not_<std::__is_tuple_like<_Tp> >, std::is_move_constructible<_Tp>, std::is_move_assignable<_Tp> > std::swap(_Tp&, _Tp&) [with _Tp = bool (*)(_Any_data&, const _Any_data&, _Manager_operation)]	32	static
D:/Environment/arm-gnu-toolchain-15.2.rel1-mingw-w64-x86_64-arm-none-eabi/arm-none-eabi/include/c++/15.2.1/bits/stl_construct.h:219:5:void std::_Destroy(_ForwardIterator, _ForwardIterator) [with _ForwardIterator = pyro::uart_drv_t::rx_event_callback_t*]	24	static
D:/Environment/arm-gnu-toolchain-15.2.rel1-mingw-w64-x86_64-arm-none-eabi/arm-none-eabi/include/c++/15.2.1/bits/stl_tree.h:1893:7:std::_Rb_tree<_Key, _Val, _KeyOfValue, _Compare, _Alloc>::iterator std::_Rb_tree<_Key, _Val, _KeyOfValue, _Compare, _Alloc>::lower_bound(const key_type&) [with _Key = __UART_HandleTypeDef*; _Val = std::pair<__UART_HandleTypeDef* const, pyro::uart_drv_t*>; _KeyOfValue = std::_Select1st<std::pair<__UART_HandleTypeDef* const, pyro::uart_drv_t*> >; _Compare = std::less<__UART_HandleTypeDef*>; _Alloc = std::allocator<std::pair<__UART_HandleTypeDef* const, pyro::uart_drv_t*> >]	32	static
D:/Environment/arm-gnu-toolchain-15.2.rel1-mingw-w64-x86_64-arm-none-eabi/arm-none-eabi/include/c++/15.2.1/bits/stl_tree.h:1616:7:_Compare std::_Rb_tree<_Key, _Val, _KeyOfValue, _Compare, _Alloc>::key_comp() const [with _Key = __UART_HandleTypeDef*; _Val = std::pair<__UART_HandleTypeDef* const, pyro::uart_drv_t*>; _KeyOfValue = std::_Select1st<std::pair<__UART_HandleTypeDef* const, pyro::uart_drv_t*> >; _Compare = std::less<__UART_HandleTypeDef*>; _Alloc = std::allocator<std::pair<__UART_HandleTypeDef* const, pyro::uart_drv_t*> >]	16	static
D:/Environment/arm-gnu-toolchain-15.2.rel1-mingw-w64-x86_64-arm-none-eabi/arm-none-eabi/include/c++/15.2.1/tuple:564:7:constexpr std::_Tuple_impl<_Idx, _Head>::_Tuple_impl(const _Head&) [with unsigned int _Idx = 0; _Head = __UART_HandleTypeDef* const&]	16	static
D:/Environment/arm-gnu-toolchain-15.2.rel1-mingw-w64-x86_64-arm-none-eabi/arm-none-eabi/include/c++/15.2.1/bits/stl_tree.h:2283:4:) [with _Args = {const std::piecewise_construct_t&, std::tuple<__UART_HandleTypeDef* const&>, std::tuple<>}; _Key = __UART_HandleTypeDef*; _Val = std::pair<__UART_HandleTypeDef* const, pyro::uart_drv_t*>; _KeyOfValue = std::_Select1st<std::pair<__UART_HandleTypeDef* const, pyro::uart_drv_t*> >; _Compare = std::less<__UART_HandleTypeDef*>; _Alloc = std::allocator<std::pair<__UART_HandleTypeDef* const, pyro::uart_drv_t*> >]	40	static
D:/Environment/arm-gnu-toolchain-15.2.rel1-mingw-w64-x86_64-arm-none-eabi/arm-none-eabi/include/c++/15.2.1/bits/stl_tree.h:2288:2:std::_Rb_tree<_Key, _Val, _KeyOfValue, _Compare, _Alloc>::_Auto_node::~_Auto_node() [with _Key = __UART_HandleTypeDef*; _Val = std::pair<__UART_HandleTypeDef* const, pyro::uart_drv_t*>; _KeyOfValue = std::_Select1st<std::pair<__UART_HandleTypeDef* const, pyro::uart_drv_t*> >; _Compare = std::less<__UART_HandleTypeDef*>; _Alloc = std::allocator<std::pair<__UART_HandleTypeDef* const, pyro::uart_drv_t*> >]	16	static
D:/Environment/arm-gnu-toolchain-15.2.rel1-mingw-w64-x86_64-arm-none-eabi/arm-none-eabi/include/c++/15.2.1/bits/stl_tree.h:2832:5:std::pair<typename std::__rb_tree::_Node_traits<_Val, typename __gnu_cxx::__alloc_traits<typename __gnu_cxx::__alloc_traits<_Alloc>::rebind<_Val>::other>::pointer>::_Base_ptr, typename std::__rb_tree::_Node_traits<_Val, typename __gnu_cxx::__alloc_traits<typename __gnu_cxx::__alloc_traits<_Alloc>::rebind<_Val>::other>::pointer>::_Base_ptr> std::_Rb_tree<_Key, _Val, _KeyOfValue, _Compare, _Alloc>::_M_get_insert_hint_unique_pos(const_iterator, const key_type&) [with _Key = __UART_HandleTypeDef*; _Val = std::pair<__UART_HandleTypeDef* const, pyro::uart_drv_t*>; _KeyOfValue = std::_Select1st<std::pair<__UART_HandleTypeDef* const, pyro::uart_drv_t*> >; _Compare = std::less<__UART_HandleTypeDef*>; _Alloc = std::allocator<std::pair<__UART_HandleTypeDef* const, pyro::uart_drv_t*> >]	64	static
D:/Environment/arm-gnu-toolchain-15.2.rel1-mingw-w64-x86_64-arm-none-eabi/arm-none-eabi/include/c++/15.2.1/bits/stl_tree.h:2299:2:const _Key& std::_Rb_tree<_Key, _Val, _KeyOfValue, _Compare, _Alloc>::_Auto_node::_M_key() const [with _Key = __UART_HandleTypeDef*; _Val = std::pair<__UART_HandleTypeDef* const, pyro::uart_drv_t*>; _KeyOfValue = std::_Select1st<std::pair<__UART_HandleTypeDef* const, pyro::uart_drv_t*> >; _Compare = std::less<__UART_HandleTypeDef*>; _Alloc = std::allocator<std::pair<__UART_HandleTypeDef* const, pyro::uart_drv_t*> >]	16	static
D:/Environment/arm-gnu-toolchain-15.2.rel1-mingw-w64-x86_64-arm-none-eabi/arm-none-eabi/include/c++/15.2.1/bits/stl_tree.h:2303:2:std::_Rb_tree<_Key, _Val, _KeyOfValue, _Compare, _Alloc>::iterator std::_Rb_tree<_Key, _Val, _KeyOfValue, _Compare, _Alloc>::_Auto_node::_M_insert(std::pair<typename std::__rb_tree::_Node_traits<_Val, typename __gnu_cxx::__alloc_traits<typename __gnu_cxx::__alloc_traits<_Alloc>::rebind<_Val>::other>::pointer>::_Base_ptr, typename std::__rb_tree::_Node_traits<_Val, typename __gnu_cxx::__alloc_traits<typename __gnu_cxx::__alloc_traits<_Alloc>::rebind<_Val>::other>::pointer>::_Base_ptr>) [with _Key = __UART_HandleTypeDef*; _Val = std::pair<__UART_HandleTypeDef* const, pyro::uart_drv_t*>; _KeyOfValue = std::_Select1st<std::pair<__UART_HandleTypeDef* const, pyro::uart_drv_t*> >; _Compare = std::less<__UART_HandleTypeDef*>; _Alloc = std::allocator<std::pair<__UART_HandleTypeDef* const, pyro::uart_drv_t*> >]	32	static
D:/Environment/arm-gnu-toolchain-15.2.rel1-mingw-w64-x86_64-arm-none-eabi/arm-none-eabi/include/c++/15.2.1/bits/stl_tree.h:388:7:std::_Rb_tree_iterator<_Tp>::_Rb_tree_iterator(_Base_ptr) [with _Tp = std::pair<__UART_HandleTypeDef* const, pyro::uart_drv_t*>]	16	static
D:/Environment/arm-gnu-toolchain-15.2.rel1-mingw-w64-x86_64-arm-none-eabi/arm-none-eabi/include/c++/15.2.1/bits/stl_tree.h:2633:5:std::pair<typename std::__rb_tree::_Node_traits<_Val, typename __gnu_cxx::__alloc_traits<typename __gnu_cxx::__alloc_traits<_Alloc>::rebind<_Val>::other>::pointer>::_Iterator, typename std::__rb_tree::_Node_traits<_Val, typename __gnu_cxx::__alloc_traits<typename __gnu_cxx::__alloc_traits<_Alloc>::rebind<_Val>::other>::pointer>::_Iterator> std::_Rb_tree<_Key, _Val, _KeyOfValue, _Compare, _Alloc>::equal_range(const _Key&) [with _Key = __UART_HandleTypeDef*; _Val = std::pair<__UART_HandleTypeDef* const, pyro::uart_drv_t*>; _KeyOfValue = std::_Select1st<std::pair<__UART_HandleTypeDef* const, pyro::uart_drv_t*> >; _Compare = std::less<__UART_HandleTypeDef*>; _Alloc = std::allocator<std::pair<__UART_HandleTypeDef* const, pyro::uart_drv_t*> >]	64	static
D:/Environment/arm-gnu-toolchain-15.2.rel1-mingw-w64-x86_64-arm-none-eabi/arm-none-eabi/include/c++/15.2.1/bits/stl_tree.h:1656:7:std::_Rb_tree<_Key, _Val, _KeyOfValue, _Compare, _Alloc>::size_type std::_Rb_tree<_Key, _Val, _KeyOfValue, _Compare, _Alloc>::size() const [with _Key = __UART_HandleTypeDef*; _Val = std::pair<__UART_HandleTypeDef* const, pyro::uart_drv_t*>; _KeyOfValue = std::_Select1st<std::pair<__UART_HandleTypeDef* const, pyro::uart_drv_t*> >; _Compare = std::less<__UART_HandleTypeDef*>; _Alloc = std::allocator<std::pair<__UART_HandleTypeDef* const, pyro::uart_drv_t*> >]	16	static
D:/Environment/arm-gnu-toolchain-15.2.rel1-mingw-w64-x86_64-arm-none-eabi/arm-none-eabi/include/c++/15.2.1/bits/stl_tree.h:3123:5:void std::_Rb_tree<_Key, _Val, _KeyOfValue, _Compare, _Alloc>::_M_erase_aux(const_iterator, const_iterator) [with _Key = __UART_HandleTypeDef*; _Val = std::pair<__UART_HandleTypeDef* const, pyro::uart_drv_t*>; _KeyOfValue = std::_Select1st<std::pair<__UART_HandleTypeDef* const, pyro::uart_drv_t*> >; _Compare = std::less<__UART_HandleTypeDef*>; _Alloc = std::allocator<std::pair<__UART_HandleTypeDef* const, pyro::uart_drv_t*> >]	40	static
D:/Environment/arm-gnu-toolchain-15.2.rel1-mingw-w64-x86_64-arm-none-eabi/arm-none-eabi/include/c++/15.2.1/bits/stl_tree.h:1440:7:static std::_Rb_tree<_Key, _Val, _KeyOfValue, _Compare, _Alloc>::_Node_ptr std::_Rb_tree<_Key, _Val, _KeyOfValue, _Compare, _Alloc>::_S_right(_Node_ptr) [with _Key = __UART_HandleTypeDef*; _Val = std::pair<__UART_HandleTypeDef* const, pyro::uart_drv_t*>; _KeyOfValue = std::_Select1st<std::pair<__UART_HandleTypeDef* const, pyro::uart_drv_t*> >; _Compare = std::less<__UART_HandleTypeDef*>; _Alloc = std::allocator<std::pair<__UART_HandleTypeDef* const, pyro::uart_drv_t*> >]	16	static
D:/Environment/arm-gnu-toolchain-15.2.rel1-mingw-w64-x86_64-arm-none-eabi/arm-none-eabi/include/c++/15.2.1/bits/stl_tree.h:1428:7:static std::_Rb_tree<_Key, _Val, _KeyOfValue, _Compare, _Alloc>::_Node_ptr std::_Rb_tree<_Key, _Val, _KeyOfValue, _Compare, _Alloc>::_S_left(_Node_ptr) [with _Key = __UART_HandleTypeDef*; _Val = std::pair<__UART_HandleTypeDef* const, pyro::uart_drv_t*>; _KeyOfValue = std::_Select1st<std::pair<__UART_HandleTypeDef* const, pyro::uart_drv_t*> >; _Compare = std::less<__UART_HandleTypeDef*>; _Alloc = std::allocator<std::pair<__UART_HandleTypeDef* const, pyro::uart_drv_t*> >]	16	static
D:/Environment/arm-gnu-toolchain-15.2.rel1-mingw-w64-x86_64-arm-none-eabi/arm-none-eabi/include/c++/15.2.1/bits/stl_tree.h:1271:7:void std::_Rb_tree<_Key, _Val, _KeyOfValue, _Compare, _Alloc>::_M_drop_node(_Node_ptr) [with _Key = __UART_HandleTypeDef*; _Val = std::pair<__UART_HandleTypeDef* const, pyro::uart_drv_t*>; _KeyOfValue = std::_Select1st<std::pair<__UART_HandleTypeDef* const, pyro::uart_drv_t*> >; _Compare = std::less<__UART_HandleTypeDef*>; _Alloc = std::allocator<std::pair<__UART_HandleTypeDef* const, pyro::uart_drv_t*> >]	16	static
D:/Environment/arm-gnu-toolchain-15.2.rel1-mingw-w64-x86_64-arm-none-eabi/arm-none-eabi/include/c++/15.2.1/bits/stl_tree.h:239:7:std::_Rb_tree_node<_Val>* std::_Rb_tree_node<_Val>::_M_node_ptr() [with _Val = std::pair<__UART_HandleTypeDef* const, pyro::uart_drv_t*>]	16	static
D:/Environment/arm-gnu-toolchain-15.2.rel1-mingw-w64-x86_64-arm-none-eabi/arm-none-eabi/include/c++/15.2.1/bits/std_function.h:575:16:)>::operator bool() const [with _Res = bool; _ArgTypes = {unsigned char*, short unsigned int, long int&}]	16	static
D:/Environment/arm-gnu-toolchain-15.2.rel1-mingw-w64-x86_64-arm-none-eabi/arm-none-eabi/include/c++/15.2.1/bits/move.h:227:5:std::_Require<std::__not_<std::__is_tuple_like<_Tp> >, std::is_move_constructible<_Tp>, std::is_move_assignable<_Tp> > std::swap(_Tp&, _Tp&) [with _Tp = bool (*)(const _Any_data&, unsigned char*&&, short unsigned int&&, long int&)]	32	static
D:/WorkSpace/OldRobot/PYRo-engineer-old/PYRo/Peripheral/UART/pyro_uart_drv.h:73:20:pyro::uart_drv_t::rx_event_callback_t::rx_event_callback_t(const pyro::uart_drv_t::rx_event_callback_t&)	16	static
D:/Environment/arm-gnu-toolchain-15.2.rel1-mingw-w64-x86_64-arm-none-eabi/arm-none-eabi/include/c++/15.2.1/bits/stl_vector.h:2197:7:std::vector<_Tp, _Alloc>::size_type std::vector<_Tp, _Alloc>::_M_check_len(size_type, const char*) const [with _Tp = pyro::uart_drv_t::rx_event_callback_t; _Alloc = std::allocator<pyro::uart_drv_t::rx_event_callback_t>]	40	static
D:/Environment/arm-gnu-toolchain-15.2.rel1-mingw-w64-x86_64-arm-none-eabi/arm-none-eabi/include/c++/15.2.1/bits/stl_vector.h:384:7:std::_Vector_base<_Tp, _Alloc>::pointer std::_Vector_base<_Tp, _Alloc>::_M_allocate(std::size_t) [with _Tp = pyro::uart_drv_t::rx_event_callback_t; _Alloc = std::allocator<pyro::uart_drv_t::rx_event_callback_t>]	24	static
D:/Environment/arm-gnu-toolchain-15.2.rel1-mingw-w64-x86_64-arm-none-eabi/arm-none-eabi/include/c++/15.2.1/bits/stl_vector.h:1875:2:std::vector<_Tp, _Alloc>::_Guard_alloc::_Guard_alloc(std::vector<_Tp, _Alloc>::pointer, std::vector<_Tp, _Alloc>::size_type, std::vector<_Tp, _Alloc>::_Base&) [with _Tp = pyro::uart_drv_t::rx_event_callback_t; _Alloc = std::allocator<pyro::uart_drv_t::rx_event_callback_t>]	24	static
D:/Environment/arm-gnu-toolchain-15.2.rel1-mingw-w64-x86_64-arm-none-eabi/arm-none-eabi/include/c++/15.2.1/bits/stl_vector.h:1880:2:std::vector<_Tp, _Alloc>::_Guard_alloc::~_Guard_alloc() [with _Tp = pyro::uart_drv_t::rx_event_callback_t; _Alloc = std::allocator<pyro::uart_drv_t::rx_event_callback_t>]	16	static
D:/Environment/arm-gnu-toolchain-15.2.rel1-mingw-w64-x86_64-arm-none-eabi/arm-none-eabi/include/c++/15.2.1/bits/stl_vector.h:534:7:static std::vector<_Tp, _Alloc>::pointer std::vector<_Tp, _Alloc>::_S_relocate(pointer, pointer, pointer, _Tp_alloc_type&) [with _Tp = pyro::uart_drv_t::rx_event_callback_t; _Alloc = std::allocator<pyro::uart_drv_t::rx_event_callback_t>]	24	static
D:/Environment/arm-gnu-toolchain-15.2.rel1-mingw-w64-x86_64-arm-none-eabi/arm-none-eabi/include/c++/15.2.1/bits/stl_algobase.h:666:5:_OI std::move(_II, _II, _OI) [with _II = __gnu_cxx::__normal_iterator<pyro::uart_drv_t::rx_event_callback_t*, vector<pyro::uart_drv_t::rx_event_callback_t> >; _OI = __gnu_cxx::__normal_iterator<pyro::uart_drv_t::rx_event_callback_t*, vector<pyro::uart_drv_t::rx_event_callback_t> >]	72	static
D:/Environment/arm-gnu-toolchain-15.2.rel1-mingw-w64-x86_64-arm-none-eabi/arm-none-eabi/include/c++/15.2.1/bits/stl_tree.h:2599:5:std::_Rb_tree<_Key, _Val, _KeyOfValue, _Compare, _Alloc>::_Base_ptr std::_Rb_tree<_Key, _Val, _KeyOfValue, _Compare, _Alloc>::_M_lower_bound(_Base_ptr, _Base_ptr, const _Key&) const [with _Key = __UART_HandleTypeDef*; _Val = std::pair<__UART_HandleTypeDef* const, pyro::uart_drv_t*>; _KeyOfValue = std::_Select1st<std::pair<__UART_HandleTypeDef* const, pyro::uart_drv_t*> >; _Compare = std::less<__UART_HandleTypeDef*>; _Alloc = std::allocator<std::pair<__UART_HandleTypeDef* const, pyro::uart_drv_t*> >]	32	static
D:/Environment/arm-gnu-toolchain-15.2.rel1-mingw-w64-x86_64-arm-none-eabi/arm-none-eabi/include/c++/15.2.1/bits/stl_tree.h:1377:7:std::_Rb_tree<_Key, _Val, _KeyOfValue, _Compare, _Alloc>::_Base_ptr std::_Rb_tree<_Key, _Val, _KeyOfValue, _Compare, _Alloc>::_M_begin() const [with _Key = __UART_HandleTypeDef*; _Val = std::pair<__UART_HandleTypeDef* const, pyro::uart_drv_t*>; _KeyOfValue = std::_Select1st<std::pair<__UART_HandleTypeDef* const, pyro::uart_drv_t*> >; _Compare = std::less<__UART_HandleTypeDef*>; _Alloc = std::allocator<std::pair<__UART_HandleTypeDef* const, pyro::uart_drv_t*> >]	16	static
D:/Environment/arm-gnu-toolchain-15.2.rel1-mingw-w64-x86_64-arm-none-eabi/arm-none-eabi/include/c++/15.2.1/bits/stl_tree.h:1390:7:std::_Rb_tree<_Key, _Val, _KeyOfValue, _Compare, _Alloc>::_Base_ptr std::_Rb_tree<_Key, _Val, _KeyOfValue, _Compare, _Alloc>::_M_end() const [with _Key = __UART_HandleTypeDef*; _Val = std::pair<__UART_HandleTypeDef* const, pyro::uart_drv_t*>; _KeyOfValue = std::_Select1st<std::pair<__UART_HandleTypeDef* const, pyro::uart_drv_t*> >; _Compare = std::less<__UART_HandleTypeDef*>; _Alloc = std::allocator<std::pair<__UART_HandleTypeDef* const, pyro::uart_drv_t*> >]	16	static
D:/Environment/arm-gnu-toolchain-15.2.rel1-mingw-w64-x86_64-arm-none-eabi/arm-none-eabi/include/c++/15.2.1/bits/stl_tree.h:1416:7:static const _Key& std::_Rb_tree<_Key, _Val, _KeyOfValue, _Compare, _Alloc>::_S_key(_Base_ptr) [with _Key = __UART_HandleTypeDef*; _Val = std::pair<__UART_HandleTypeDef* const, pyro::uart_drv_t*>; _KeyOfValue = std::_Select1st<std::pair<__UART_HandleTypeDef* const, pyro::uart_drv_t*> >; _Compare = std::less<__UART_HandleTypeDef*>; _Alloc = std::allocator<std::pair<__UART_HandleTypeDef* const, pyro::uart_drv_t*> >]	16	static
D:/Environment/arm-gnu-toolchain-15.2.rel1-mingw-w64-x86_64-arm-none-eabi/arm-none-eabi/include/c++/15.2.1/ext/aligned_buffer.h:78:7:_Tp* __gnu_cxx::__aligned_membuf<_Tp>::_M_ptr() [with _Tp = std::pair<__UART_HandleTypeDef* const, pyro::uart_drv_t*>]	16	static
D:/Environment/arm-gnu-toolchain-15.2.rel1-mingw-w64-x86_64-arm-none-eabi/arm-none-eabi/include/c++/15.2.1/bits/new_allocator.h:156:7:void std::__new_allocator<_Tp>::deallocate(_Tp*, size_type) [with _Tp = pyro::uart_drv_t::rx_event_callback_t]	24	static
D:/Environment/arm-gnu-toolchain-15.2.rel1-mingw-w64-x86_64-arm-none-eabi/arm-none-eabi/include/c++/15.2.1/bits/stl_construct.h:161:5:constexpr void std::_Destroy(_Tp*) [with _Tp = pyro::uart_drv_t::rx_event_callback_t]	16	static
D:/Environment/arm-gnu-toolchain-15.2.rel1-mingw-w64-x86_64-arm-none-eabi/arm-none-eabi/include/c++/15.2.1/tuple:205:17:constexpr std::_Head_base<_Idx, _Head, false>::_Head_base(const _Head&) [with unsigned int _Idx = 0; _Head = __UART_HandleTypeDef* const&]	16	static
D:/Environment/arm-gnu-toolchain-15.2.rel1-mingw-w64-x86_64-arm-none-eabi/arm-none-eabi/include/c++/15.2.1/bits/stl_tree.h:1251:2:) [with _Args = {const std::piecewise_construct_t&, std::tuple<__UART_HandleTypeDef* const&>, std::tuple<>}; _Key = __UART_HandleTypeDef*; _Val = std::pair<__UART_HandleTypeDef* const, pyro::uart_drv_t*>; _KeyOfValue = std::_Select1st<std::pair<__UART_HandleTypeDef* const, pyro::uart_drv_t*> >; _Compare = std::less<__UART_HandleTypeDef*>; _Alloc = std::allocator<std::pair<__UART_HandleTypeDef* const, pyro::uart_drv_t*> >]	48	static
D:/Environment/arm-gnu-toolchain-15.2.rel1-mingw-w64-x86_64-arm-none-eabi/arm-none-eabi/include/c++/15.2.1/bits/stl_tree.h:1369:7:std::_Rb_tree<_Key, _Val, _KeyOfValue, _Compare, _Alloc>::_Base_ptr& std::_Rb_tree<_Key, _Val, _KeyOfValue, _Compare, _Alloc>::_M_rightmost() [with _Key = __UART_HandleTypeDef*; _Val = std::pair<__UART_HandleTypeDef* const, pyro::uart_drv_t*>; _KeyOfValue = std::_Select1st<std::pair<__UART_HandleTypeDef* const, pyro::uart_drv_t*> >; _Compare = std::less<__UART_HandleTypeDef*>; _Alloc = std::allocator<std::pair<__UART_HandleTypeDef* const, pyro::uart_drv_t*> >]	16	static
D:/Environment/arm-gnu-toolchain-15.2.rel1-mingw-w64-x86_64-arm-none-eabi/arm-none-eabi/include/c++/15.2.1/bits/stl_pair.h:901:12:constexpr std::pair<_T1, _T2>::pair(_U1&&, _U2&&) [with _U1 = std::_Rb_tree_node_base*; _U2 = std::_Rb_tree_node_base*&; typename std::enable_if<(std::_PCC<true, _T1, _T2>::_MoveConstructiblePair<_U1, _U2>() && std::_PCC<true, _T1, _T2>::_ImplicitlyMoveConvertiblePair<_U1, _U2>()), bool>::type <anonymous> = true; _T1 = std::_Rb_tree_node_base*; _T2 = std::_Rb_tree_node_base*]	32	static
D:/Environment/arm-gnu-toolchain-15.2.rel1-mingw-w64-x86_64-arm-none-eabi/arm-none-eabi/include/c++/15.2.1/bits/stl_tree.h:2730:5:std::pair<typename std::__rb_tree::_Node_traits<_Val, typename __gnu_cxx::__alloc_traits<typename __gnu_cxx::__alloc_traits<_Alloc>::rebind<_Val>::other>::pointer>::_Base_ptr, typename std::__rb_tree::_Node_traits<_Val, typename __gnu_cxx::__alloc_traits<typename __gnu_cxx::__alloc_traits<_Alloc>::rebind<_Val>::other>::pointer>::_Base_ptr> std::_Rb_tree<_Key, _Val, _KeyOfValue, _Compare, _Alloc>::_M_get_insert_unique_pos(const key_type&) [with _Key = __UART_HandleTypeDef*; _Val = std::pair<__UART_HandleTypeDef* const, pyro::uart_drv_t*>; _KeyOfValue = std::_Select1st<std::pair<__UART_HandleTypeDef* const, pyro::uart_drv_t*> >; _Compare = std::less<__UART_HandleTypeDef*>; _Alloc = std::allocator<std::pair<__UART_HandleTypeDef* const, pyro::uart_drv_t*> >]	56	static
D:/Environment/arm-gnu-toolchain-15.2.rel1-mingw-w64-x86_64-arm-none-eabi/arm-none-eabi/include/c++/15.2.1/bits/stl_tree.h:1361:7:std::_Rb_tree<_Key, _Val, _KeyOfValue, _Compare, _Alloc>::_Base_ptr& std::_Rb_tree<_Key, _Val, _KeyOfValue, _Compare, _Alloc>::_M_leftmost() [with _Key = __UART_HandleTypeDef*; _Val = std::pair<__UART_HandleTypeDef* const, pyro::uart_drv_t*>; _KeyOfValue = std::_Select1st<std::pair<__UART_HandleTypeDef* const, pyro::uart_drv_t*> >; _Compare = std::less<__UART_HandleTypeDef*>; _Alloc = std::allocator<std::pair<__UART_HandleTypeDef* const, pyro::uart_drv_t*> >]	16	static
D:/Environment/arm-gnu-toolchain-15.2.rel1-mingw-w64-x86_64-arm-none-eabi/arm-none-eabi/include/c++/15.2.1/bits/stl_pair.h:901:12:constexpr std::pair<_T1, _T2>::pair(_U1&&, _U2&&) [with _U1 = std::_Rb_tree_node_base*&; _U2 = std::_Rb_tree_node_base*&; typename std::enable_if<(std::_PCC<true, _T1, _T2>::_MoveConstructiblePair<_U1, _U2>() && std::_PCC<true, _T1, _T2>::_ImplicitlyMoveConvertiblePair<_U1, _U2>()), bool>::type <anonymous> = true; _T1 = std::_Rb_tree_node_base*; _T2 = std::_Rb_tree_node_base*]	32	static
D:/Environment/arm-gnu-toolchain-15.2.rel1-mingw-w64-x86_64-arm-none-eabi/arm-none-eabi/include/c++/15.2.1/bits/stl_tree.h:415:7:std::_Rb_tree_iterator<_Tp>& std::_Rb_tree_iterator<_Tp>::operator--() [with _Tp = std::pair<__UART_HandleTypeDef* const, pyro::uart_drv_t*>]	16	static
D:/Environment/arm-gnu-toolchain-15.2.rel1-mingw-w64-x86_64-arm-none-eabi/arm-none-eabi/include/c++/15.2.1/bits/stl_tree.h:1436:7:static std::_Rb_tree<_Key, _Val, _KeyOfValue, _Compare, _Alloc>::_Base_ptr std::_Rb_tree<_Key, _Val, _KeyOfValue, _Compare, _Alloc>::_S_right(_Base_ptr) [with _Key = __UART_HandleTypeDef*; _Val = std::pair<__UART_HandleTypeDef* const, pyro::uart_drv_t*>; _KeyOfValue = std::_Select1st<std::pair<__UART_HandleTypeDef* const, pyro::uart_drv_t*> >; _Compare = std::less<__UART_HandleTypeDef*>; _Alloc = std::allocator<std::pair<__UART_HandleTypeDef* const, pyro::uart_drv_t*> >]	16	static
D:/Environment/arm-gnu-toolchain-15.2.rel1-mingw-w64-x86_64-arm-none-eabi/arm-none-eabi/include/c++/15.2.1/bits/stl_tree.h:400:7:std::_Rb_tree_iterator<_Tp>& std::_Rb_tree_iterator<_Tp>::operator++() [with _Tp = std::pair<__UART_HandleTypeDef* const, pyro::uart_drv_t*>]	16	static
D:/Environment/arm-gnu-toolchain-15.2.rel1-mingw-w64-x86_64-arm-none-eabi/arm-none-eabi/include/c++/15.2.1/bits/stl_pair.h:901:12:constexpr std::pair<_T1, _T2>::pair(_U1&&, _U2&&) [with _U1 = std::_Rb_tree_node_base*&; _U2 = std::_Rb_tree_node_base*; typename std::enable_if<(std::_PCC<true, _T1, _T2>::_MoveConstructiblePair<_U1, _U2>() && std::_PCC<true, _T1, _T2>::_ImplicitlyMoveConvertiblePair<_U1, _U2>()), bool>::type <anonymous> = true; _T1 = std::_Rb_tree_node_base*; _T2 = std::_Rb_tree_node_base*]	32	static
D:/Environment/arm-gnu-toolchain-15.2.rel1-mingw-w64-x86_64-arm-none-eabi/arm-none-eabi/include/c++/15.2.1/bits/stl_tree.h:1420:7:static const _Key& std::_Rb_tree<_Key, _Val, _KeyOfValue, _Compare, _Alloc>::_S_key(_Node_ptr) [with _Key = __UART_HandleTypeDef*; _Val = std::pair<__UART_HandleTypeDef* const, pyro::uart_drv_t*>; _KeyOfValue = std::_Select1st<std::pair<__UART_HandleTypeDef* const, pyro::uart_drv_t*> >; _Compare = std::less<__UART_HandleTypeDef*>; _Alloc = std::allocator<std::pair<__UART_HandleTypeDef* const, pyro::uart_drv_t*> >]	16	static
D:/Environment/arm-gnu-toolchain-15.2.rel1-mingw-w64-x86_64-arm-none-eabi/arm-none-eabi/include/c++/15.2.1/bits/stl_tree.h:2997:5:std::_Rb_tree<_Key, _Val, _KeyOfValue, _Compare, _Alloc>::iterator std::_Rb_tree<_Key, _Val, _KeyOfValue, _Compare, _Alloc>::_M_insert_node(_Base_ptr, _Base_ptr, _Node_ptr) [with _Key = __UART_HandleTypeDef*; _Val = std::pair<__UART_HandleTypeDef* const, pyro::uart_drv_t*>; _KeyOfValue = std::_Select1st<std::pair<__UART_HandleTypeDef* const, pyro::uart_drv_t*> >; _Compare = std::less<__UART_HandleTypeDef*>; _Alloc = std::allocator<std::pair<__UART_HandleTypeDef* const, pyro::uart_drv_t*> >]	48	static
D:/Environment/arm-gnu-toolchain-15.2.rel1-mingw-w64-x86_64-arm-none-eabi/arm-none-eabi/include/c++/15.2.1/bits/stl_tree.h:1424:7:static std::_Rb_tree<_Key, _Val, _KeyOfValue, _Compare, _Alloc>::_Base_ptr std::_Rb_tree<_Key, _Val, _KeyOfValue, _Compare, _Alloc>::_S_left(_Base_ptr) [with _Key = __UART_HandleTypeDef*; _Val = std::pair<__UART_HandleTypeDef* const, pyro::uart_drv_t*>; _KeyOfValue = std::_Select1st<std::pair<__UART_HandleTypeDef* const, pyro::uart_drv_t*> >; _Compare = std::less<__UART_HandleTypeDef*>; _Alloc = std::allocator<std::pair<__UART_HandleTypeDef* const, pyro::uart_drv_t*> >]	16	static
D:/Environment/arm-gnu-toolchain-15.2.rel1-mingw-w64-x86_64-arm-none-eabi/arm-none-eabi/include/c++/15.2.1/bits/stl_tree.h:2615:5:std::_Rb_tree<_Key, _Val, _KeyOfValue, _Compare, _Alloc>::_Base_ptr std::_Rb_tree<_Key, _Val, _KeyOfValue, _Compare, _Alloc>::_M_upper_bound(_Base_ptr, _Base_ptr, const _Key&) const [with _Key = __UART_HandleTypeDef*; _Val = std::pair<__UART_HandleTypeDef* const, pyro::uart_drv_t*>; _KeyOfValue = std::_Select1st<std::pair<__UART_HandleTypeDef* const, pyro::uart_drv_t*> >; _Compare = std::less<__UART_HandleTypeDef*>; _Alloc = std::allocator<std::pair<__UART_HandleTypeDef* const, pyro::uart_drv_t*> >]	32	static
D:/Environment/arm-gnu-toolchain-15.2.rel1-mingw-w64-x86_64-arm-none-eabi/arm-none-eabi/include/c++/15.2.1/bits/stl_pair.h:901:12:constexpr std::pair<_T1, _T2>::pair(_U1&&, _U2&&) [with _U1 = std::_Rb_tree_iterator<std::pair<__UART_HandleTypeDef* const, pyro::uart_drv_t*> >; _U2 = std::_Rb_tree_iterator<std::pair<__UART_HandleTypeDef* const, pyro::uart_drv_t*> >; typename std::enable_if<(std::_PCC<true, _T1, _T2>::_MoveConstructiblePair<_U1, _U2>() && std::_PCC<true, _T1, _T2>::_ImplicitlyMoveConvertiblePair<_U1, _U2>()), bool>::type <anonymous> = true; _T1 = std::_Rb_tree_iterator<std::pair<__UART_HandleTypeDef* const, pyro::uart_drv_t*> >; _T2 = std::_Rb_tree_iterator<std::pair<__UART_HandleTypeDef* const, pyro::uart_drv_t*> >]	32	static
D:/Environment/arm-gnu-toolchain-15.2.rel1-mingw-w64-x86_64-arm-none-eabi/arm-none-eabi/include/c++/15.2.1/bits/stl_tree.h:1620:7:std::_Rb_tree<_Key, _Val, _KeyOfValue, _Compare, _Alloc>::iterator std::_Rb_tree<_Key, _Val, _KeyOfValue, _Compare, _Alloc>::begin() [with _Key = __UART_HandleTypeDef*; _Val = std::pair<__UART_HandleTypeDef* const, pyro::uart_drv_t*>; _KeyOfValue = std::_Select1st<std::pair<__UART_HandleTypeDef* const, pyro::uart_drv_t*> >; _Compare = std::less<__UART_HandleTypeDef*>; _Alloc = std::allocator<std::pair<__UART_HandleTypeDef* const, pyro::uart_drv_t*> >]	24	static
D:/Environment/arm-gnu-toolchain-15.2.rel1-mingw-w64-x86_64-arm-none-eabi/arm-none-eabi/include/c++/15.2.1/bits/stl_tree.h:508:7:bool std::operator==(const _Rb_tree_const_iterator<pair<__UART_HandleTypeDef* const, pyro::uart_drv_t*> >&, const _Rb_tree_const_iterator<pair<__UART_HandleTypeDef* const, pyro::uart_drv_t*> >&)	16	static
D:/Environment/arm-gnu-toolchain-15.2.rel1-mingw-w64-x86_64-arm-none-eabi/arm-none-eabi/include/c++/15.2.1/bits/stl_tree.h:1876:7:void std::_Rb_tree<_Key, _Val, _KeyOfValue, _Compare, _Alloc>::clear() [with _Key = __UART_HandleTypeDef*; _Val = std::pair<__UART_HandleTypeDef* const, pyro::uart_drv_t*>; _KeyOfValue = std::_Select1st<std::pair<__UART_HandleTypeDef* const, pyro::uart_drv_t*> >; _Compare = std::less<__UART_HandleTypeDef*>; _Alloc = std::allocator<std::pair<__UART_HandleTypeDef* const, pyro::uart_drv_t*> >]	16	static
D:/Environment/arm-gnu-toolchain-15.2.rel1-mingw-w64-x86_64-arm-none-eabi/arm-none-eabi/include/c++/15.2.1/bits/stl_tree.h:514:7:bool std::operator!=(const _Rb_tree_const_iterator<pair<__UART_HandleTypeDef* const, pyro::uart_drv_t*> >&, const _Rb_tree_const_iterator<pair<__UART_HandleTypeDef* const, pyro::uart_drv_t*> >&)	16	static
D:/Environment/arm-gnu-toolchain-15.2.rel1-mingw-w64-x86_64-arm-none-eabi/arm-none-eabi/include/c++/15.2.1/bits/stl_tree.h:485:7:std::_Rb_tree_const_iterator<_Tp> std::_Rb_tree_const_iterator<_Tp>::operator++(int) [with _Tp = std::pair<__UART_HandleTypeDef* const, pyro::uart_drv_t*>]	24	static
D:/Environment/arm-gnu-toolchain-15.2.rel1-mingw-w64-x86_64-arm-none-eabi/arm-none-eabi/include/c++/15.2.1/bits/stl_tree.h:3111:5:void std::_Rb_tree<_Key, _Val, _KeyOfValue, _Compare, _Alloc>::_M_erase_aux(const_iterator) [with _Key = __UART_HandleTypeDef*; _Val = std::pair<__UART_HandleTypeDef* const, pyro::uart_drv_t*>; _KeyOfValue = std::_Select1st<std::pair<__UART_HandleTypeDef* const, pyro::uart_drv_t*> >; _Compare = std::less<__UART_HandleTypeDef*>; _Alloc = std::allocator<std::pair<__UART_HandleTypeDef* const, pyro::uart_drv_t*> >]	24	static
D:/Environment/arm-gnu-toolchain-15.2.rel1-mingw-w64-x86_64-arm-none-eabi/arm-none-eabi/include/c++/15.2.1/bits/stl_tree.h:1260:7:void std::_Rb_tree<_Key, _Val, _KeyOfValue, _Compare, _Alloc>::_M_destroy_node(_Node_ptr) [with _Key = __UART_HandleTypeDef*; _Val = std::pair<__UART_HandleTypeDef* const, pyro::uart_drv_t*>; _KeyOfValue = std::_Select1st<std::pair<__UART_HandleTypeDef* const, pyro::uart_drv_t*> >; _Compare = std::less<__UART_HandleTypeDef*>; _Alloc = std::allocator<std::pair<__UART_HandleTypeDef* const, pyro::uart_drv_t*> >]	40	static
D:/Environment/arm-gnu-toolchain-15.2.rel1-mingw-w64-x86_64-arm-none-eabi/arm-none-eabi/include/c++/15.2.1/bits/stl_tree.h:1188:7:void std::_Rb_tree<_Key, _Val, _KeyOfValue, _Compare, _Alloc>::_M_put_node(_Node_ptr) [with _Key = __UART_HandleTypeDef*; _Val = std::pair<__UART_HandleTypeDef* const, pyro::uart_drv_t*>; _KeyOfValue = std::_Select1st<std::pair<__UART_HandleTypeDef* const, pyro::uart_drv_t*> >; _Compare = std::less<__UART_HandleTypeDef*>; _Alloc = std::allocator<std::pair<__UART_HandleTypeDef* const, pyro::uart_drv_t*> >]	32	static
D:/Environment/arm-gnu-toolchain-15.2.rel1-mingw-w64-x86_64-arm-none-eabi/arm-none-eabi/include/c++/15.2.1/bits/stl_vector.h:1128:7:std::vector<_Tp, _Alloc>::size_type std::vector<_Tp, _Alloc>::max_size() const [with _Tp = pyro::uart_drv_t::rx_event_callback_t; _Alloc = std::allocator<pyro::uart_drv_t::rx_event_callback_t>]	16	static
D:/Environment/arm-gnu-toolchain-15.2.rel1-mingw-w64-x86_64-arm-none-eabi/arm-none-eabi/include/c++/15.2.1/bits/stl_vector.h:1117:7:std::vector<_Tp, _Alloc>::size_type std::vector<_Tp, _Alloc>::size() const [with _Tp = pyro::uart_drv_t::rx_event_callback_t; _Alloc = std::allocator<pyro::uart_drv_t::rx_event_callback_t>]	24	static
D:/Environment/arm-gnu-toolchain-15.2.rel1-mingw-w64-x86_64-arm-none-eabi/arm-none-eabi/include/c++/15.2.1/bits/stl_uninitialized.h:1353:5:_ForwardIterator std::__relocate_a(_InputIterator, _InputIterator, _ForwardIterator, _Allocator&) [with _InputIterator = pyro::uart_drv_t::rx_event_callback_t*; _ForwardIterator = pyro::uart_drv_t::rx_event_callback_t*; _Allocator = allocator<pyro::uart_drv_t::rx_event_callback_t>]	40	static
D:/Environment/arm-gnu-toolchain-15.2.rel1-mingw-w64-x86_64-arm-none-eabi/arm-none-eabi/include/c++/15.2.1/bits/cpp_type_traits.h:698:5:_Iterator std::__miter_base(_Iterator) [with _Iterator = __gnu_cxx::__normal_iterator<pyro::uart_drv_t::rx_event_callback_t*, vector<pyro::uart_drv_t::rx_event_callback_t> >]	16	static
D:/Environment/arm-gnu-toolchain-15.2.rel1-mingw-w64-x86_64-arm-none-eabi/arm-none-eabi/include/c++/15.2.1/bits/stl_tree.h:1394:7:static const _Key& std::_Rb_tree<_Key, _Val, _KeyOfValue, _Compare, _Alloc>::_S_key(const _Node&) [with _Key = __UART_HandleTypeDef*; _Val = std::pair<__UART_HandleTypeDef* const, pyro::uart_drv_t*>; _KeyOfValue = std::_Select1st<std::pair<__UART_HandleTypeDef* const, pyro::uart_drv_t*> >; _Compare = std::less<__UART_HandleTypeDef*>; _Alloc = std::allocator<std::pair<__UART_HandleTypeDef* const, pyro::uart_drv_t*> >]	24	static
D:/Environment/arm-gnu-toolchain-15.2.rel1-mingw-w64-x86_64-arm-none-eabi/arm-none-eabi/include/c++/15.2.1/ext/aligned_buffer.h:70:7:void* __gnu_cxx::__aligned_membuf<_Tp>::_M_addr() [with _Tp = std::pair<__UART_HandleTypeDef* const, pyro::uart_drv_t*>]	16	static
D:/Environment/arm-gnu-toolchain-15.2.rel1-mingw-w64-x86_64-arm-none-eabi/arm-none-eabi/include/c++/15.2.1/bits/stl_tree.h:1167:7:std::_Rb_tree<_Key, _Val, _KeyOfValue, _Compare, _Alloc>::_Node_ptr std::_Rb_tree<_Key, _Val, _KeyOfValue, _Compare, _Alloc>::_M_get_node() [with _Key = __UART_HandleTypeDef*; _Val = std::pair<__UART_HandleTypeDef* const, pyro::uart_drv_t*>; _KeyOfValue = std::_Select1st<std::pair<__UART_HandleTypeDef* const, pyro::uart_drv_t*> >; _Compare = std::less<__UART_HandleTypeDef*>; _Alloc = std::allocator<std::pair<__UART_HandleTypeDef* const, pyro::uart_drv_t*> >]	24	static
D:/Environment/arm-gnu-toolchain-15.2.rel1-mingw-w64-x86_64-arm-none-eabi/arm-none-eabi/include/c++/15.2.1/bits/stl_tree.h:1232:2:) [with _Args = {const std::piecewise_construct_t&, std::tuple<__UART_HandleTypeDef* const&>, std::tuple<>}; _Key = __UART_HandleTypeDef*; _Val = std::pair<__UART_HandleTypeDef* const, pyro::uart_drv_t*>; _KeyOfValue = std::_Select1st<std::pair<__UART_HandleTypeDef* const, pyro::uart_drv_t*> >; _Compare = std::less<__UART_HandleTypeDef*>; _Alloc = std::allocator<std::pair<__UART_HandleTypeDef* const, pyro::uart_drv_t*> >]	128	static
D:/Environment/arm-gnu-toolchain-15.2.rel1-mingw-w64-x86_64-arm-none-eabi/arm-none-eabi/include/c++/15.2.1/bits/stl_tree.h:689:7:static void std::__rb_tree::_Node_traits<_Val, _Val*>::_S_insert_and_rebalance(bool, _Node_base*, _Node_base*, _Node_base&) [with _Val = std::pair<__UART_HandleTypeDef* const, pyro::uart_drv_t*>]	24	static
D:/Environment/arm-gnu-toolchain-15.2.rel1-mingw-w64-x86_64-arm-none-eabi/arm-none-eabi/include/c++/15.2.1/bits/stl_tree.h:698:7:static std::__rb_tree::_Node_traits<_Val, _Val*>::_Node_base* std::__rb_tree::_Node_traits<_Val, _Val*>::_S_rebalance_for_erase(_Node_base*, _Node_base&) [with _Val = std::pair<__UART_HandleTypeDef* const, pyro::uart_drv_t*>]	16	static
D:/Environment/arm-gnu-toolchain-15.2.rel1-mingw-w64-x86_64-arm-none-eabi/arm-none-eabi/include/c++/15.2.1/bits/stl_tree.h:1154:7:std::_Rb_tree<_Key, _Val, _KeyOfValue, _Compare, _Alloc>::_Node_allocator& std::_Rb_tree<_Key, _Val, _KeyOfValue, _Compare, _Alloc>::_M_get_Node_allocator() [with _Key = __UART_HandleTypeDef*; _Val = std::pair<__UART_HandleTypeDef* const, pyro::uart_drv_t*>; _KeyOfValue = std::_Select1st<std::pair<__UART_HandleTypeDef* const, pyro::uart_drv_t*> >; _Compare = std::less<__UART_HandleTypeDef*>; _Alloc = std::allocator<std::pair<__UART_HandleTypeDef* const, pyro::uart_drv_t*> >]	16	static
D:/Environment/arm-gnu-toolchain-15.2.rel1-mingw-w64-x86_64-arm-none-eabi/arm-none-eabi/include/c++/15.2.1/bits/stl_vector.h:2217:7:static std::vector<_Tp, _Alloc>::size_type std::vector<_Tp, _Alloc>::_S_max_size(const _Tp_alloc_type&) [with _Tp = pyro::uart_drv_t::rx_event_callback_t; _Alloc = std::allocator<pyro::uart_drv_t::rx_event_callback_t>]	40	static
D:/Environment/arm-gnu-toolchain-15.2.rel1-mingw-w64-x86_64-arm-none-eabi/arm-none-eabi/include/c++/15.2.1/bits/stl_vector.h:312:7:const std::_Vector_base<_Tp, _Alloc>::_Tp_alloc_type& std::_Vector_base<_Tp, _Alloc>::_M_get_Tp_allocator() const [with _Tp = pyro::uart_drv_t::rx_event_callback_t; _Alloc = std::allocator<pyro::uart_drv_t::rx_event_callback_t>]	16	static
D:/Environment/arm-gnu-toolchain-15.2.rel1-mingw-w64-x86_64-arm-none-eabi/arm-none-eabi/include/c++/15.2.1/bits/new_allocator.h:126:7:_Tp* std::__new_allocator<_Tp>::allocate(size_type, const void*) [with _Tp = pyro::uart_drv_t::rx_event_callback_t]	32	static
D:/Environment/arm-gnu-toolchain-15.2.rel1-mingw-w64-x86_64-arm-none-eabi/arm-none-eabi/include/c++/15.2.1/bits/stl_uninitialized.h:1303:5:_ForwardIterator std::__relocate_a_1(_InputIterator, _InputIterator, _ForwardIterator, _Allocator&) [with _InputIterator = pyro::uart_drv_t::rx_event_callback_t*; _ForwardIterator = pyro::uart_drv_t::rx_event_callback_t*; _Allocator = allocator<pyro::uart_drv_t::rx_event_callback_t>]	40	static
D:/Environment/arm-gnu-toolchain-15.2.rel1-mingw-w64-x86_64-arm-none-eabi/arm-none-eabi/include/c++/15.2.1/bits/stl_iterator.h:3073:5:_From std::__niter_wrap(_From, _To) [with _From = __gnu_cxx::__normal_iterator<pyro::uart_drv_t::rx_event_callback_t*, vector<pyro::uart_drv_t::rx_event_callback_t> >; _To = pyro::uart_drv_t::rx_event_callback_t*]	40	static
D:/Environment/arm-gnu-toolchain-15.2.rel1-mingw-w64-x86_64-arm-none-eabi/arm-none-eabi/include/c++/15.2.1/bits/stl_tree.h:234:7:const _Val* std::_Rb_tree_node<_Val>::_M_valptr() const [with _Val = std::pair<__UART_HandleTypeDef* const, pyro::uart_drv_t*>]	16	static
D:/Environment/arm-gnu-toolchain-15.2.rel1-mingw-w64-x86_64-arm-none-eabi/arm-none-eabi/include/c++/15.2.1/bits/stl_function.h:1179:7:const typename _Pair::first_type& std::_Select1st<_Pair>::operator()(const _Pair&) const [with _Pair = std::pair<__UART_HandleTypeDef* const, pyro::uart_drv_t*>]	16	static
D:/Environment/arm-gnu-toolchain-15.2.rel1-mingw-w64-x86_64-arm-none-eabi/arm-none-eabi/include/c++/15.2.1/bits/new_allocator.h:156:7:void std::__new_allocator<_Tp>::deallocate(_Tp*, size_type) [with _Tp = std::_Rb_tree_node<std::pair<__UART_HandleTypeDef* const, pyro::uart_drv_t*> >]	24	static
D:/Environment/arm-gnu-toolchain-15.2.rel1-mingw-w64-x86_64-arm-none-eabi/arm-none-eabi/include/c++/15.2.1/bits/stl_uninitialized.h:1280:5:void std::__relocate_object_a(_Tp*, _Up*, _Allocator&) [with _Tp = pyro::uart_drv_t::rx_event_callback_t; _Up = pyro::uart_drv_t::rx_event_callback_t; _Allocator = allocator<pyro::uart_drv_t::rx_event_callback_t>]	80	static
D:/Environment/arm-gnu-toolchain-15.2.rel1-mingw-w64-x86_64-arm-none-eabi/arm-none-eabi/include/c++/15.2.1/bits/stl_algobase.h:413:5:_OutIter std::__copy_move_a2(_InIter, _Sent, _OutIter) [with bool _IsMove = true; _InIter = pyro::uart_drv_t::rx_event_callback_t*; _Sent = pyro::uart_drv_t::rx_event_callback_t*; _OutIter = pyro::uart_drv_t::rx_event_callback_t*]	32	static
D:/Environment/arm-gnu-toolchain-15.2.rel1-mingw-w64-x86_64-arm-none-eabi/arm-none-eabi/include/c++/15.2.1/ext/aligned_buffer.h:82:7:const _Tp* __gnu_cxx::__aligned_membuf<_Tp>::_M_ptr() const [with _Tp = std::pair<__UART_HandleTypeDef* const, pyro::uart_drv_t*>]	16	static
D:/Environment/arm-gnu-toolchain-15.2.rel1-mingw-w64-x86_64-arm-none-eabi/arm-none-eabi/include/c++/15.2.1/bits/new_allocator.h:126:7:_Tp* std::__new_allocator<_Tp>::allocate(size_type, const void*) [with _Tp = std::_Rb_tree_node<std::pair<__UART_HandleTypeDef* const, pyro::uart_drv_t*> >]	32	static
D:/Environment/arm-gnu-toolchain-15.2.rel1-mingw-w64-x86_64-arm-none-eabi/arm-none-eabi/include/c++/15.2.1/tuple:1504:17:constexpr std::tuple< <template-parameter-1-1> >::tuple(std::tuple< <template-parameter-1-1> >&&) [with _Elements = {__UART_HandleTypeDef* const&}]	16	static
D:/WorkSpace/OldRobot/PYRo-engineer-old/PYRo/Peripheral/UART/pyro_uart_drv.h:73:20:pyro::uart_drv_t::rx_event_callback_t& pyro::uart_drv_t::rx_event_callback_t::operator=(pyro::uart_drv_t::rx_event_callback_t&&)	16	static
D:/Environment/arm-gnu-toolchain-15.2.rel1-mingw-w64-x86_64-arm-none-eabi/arm-none-eabi/include/c++/15.2.1/ext/aligned_buffer.h:74:7:const void* __gnu_cxx::__aligned_membuf<_Tp>::_M_addr() const [with _Tp = std::pair<__UART_HandleTypeDef* const, pyro::uart_drv_t*>]	16	static
D:/Environment/arm-gnu-toolchain-15.2.rel1-mingw-w64-x86_64-arm-none-eabi/arm-none-eabi/include/c++/15.2.1/tuple:584:7:constexpr std::_Tuple_impl<_Idx, _Head>::_Tuple_impl(std::_Tuple_impl<_Idx, _Head>&&) [with unsigned int _Idx = 0; _Head = __UART_HandleTypeDef* const&]	16	static
D:/Environment/arm-gnu-toolchain-15.2.rel1-mingw-w64-x86_64-arm-none-eabi/arm-none-eabi/include/c++/15.2.1/tuple:2871:7:>) [with _Args1 = {__UART_HandleTypeDef* const&}; _Args2 = {}; _T1 = __UART_HandleTypeDef* const; _T2 = pyro::uart_drv_t*]	40	static
D:/WorkSpace/OldRobot/PYRo-engineer-old/PYRo/Peripheral/UART/pyro_uart_drv.h:73:20:pyro::uart_drv_t::rx_event_callback_t::rx_event_callback_t(pyro::uart_drv_t::rx_event_callback_t&&)	16	static
D:/Environment/arm-gnu-toolchain-15.2.rel1-mingw-w64-x86_64-arm-none-eabi/arm-none-eabi/include/c++/15.2.1/bits/std_function.h:489:7:)>&&) [with _Res = bool; _ArgTypes = {unsigned char*, short unsigned int, long int&}]	40	static
D:/Environment/arm-gnu-toolchain-15.2.rel1-mingw-w64-x86_64-arm-none-eabi/arm-none-eabi/include/c++/15.2.1/tuple:2883:7:_Indexes2 = {}; _T1 = __UART_HandleTypeDef* const; _T2 = pyro::uart_drv_t*]	32	static
D:/Environment/arm-gnu-toolchain-15.2.rel1-mingw-w64-x86_64-arm-none-eabi/arm-none-eabi/include/c++/15.2.1/bits/std_function.h:406:7:)>&&) [with _Res = bool; _ArgTypes = {unsigned char*, short unsigned int, long int&}]	16	static
D:/Environment/arm-gnu-toolchain-15.2.rel1-mingw-w64-x86_64-arm-none-eabi/arm-none-eabi/include/c++/15.2.1/tuple:2444:5:>&) [with unsigned int __i = 0; _Elements = {__UART_HandleTypeDef* const&}]	16	static
D:/Environment/arm-gnu-toolchain-15.2.rel1-mingw-w64-x86_64-arm-none-eabi/arm-none-eabi/include/c++/15.2.1/tuple:2428:5:>&) [with unsigned int __i = 0; _Head = __UART_HandleTypeDef* const&; _Tail = {}]	16	static
D:/Environment/arm-gnu-toolchain-15.2.rel1-mingw-w64-x86_64-arm-none-eabi/arm-none-eabi/include/c++/15.2.1/tuple:554:7:static constexpr _Head& std::_Tuple_impl<_Idx, _Head>::_M_head(std::_Tuple_impl<_Idx, _Head>&) [with unsigned int _Idx = 0; _Head = __UART_HandleTypeDef* const&]	16	static
D:/Environment/arm-gnu-toolchain-15.2.rel1-mingw-w64-x86_64-arm-none-eabi/arm-none-eabi/include/c++/15.2.1/tuple:246:7:static constexpr _Head& std::_Head_base<_Idx, _Head, false>::_M_head(std::_Head_base<_Idx, _Head, false>&) [with unsigned int _Idx = 0; _Head = __UART_HandleTypeDef* const&]	16	static
