D:/WorkSpace/PydRobot/PYRo-engineer/robot/engineer/Arm/arm_control_execute.h:23:14:void pyro::Axis_control_t::disable_constraint()	16	static
D:/WorkSpace/PydRobot/PYRo-engineer/robot/engineer/Arm/arm_control_execute.h:24:14:void pyro::Axis_control_t::set_feedback_pos_offset(float)	16	static
D:/WorkSpace/PydRobot/PYRo-engineer/robot/engineer/Arm/arm_control_execute.h:25:14:void pyro::Axis_control_t::set_limit(float, float)	24	static
D:/WorkSpace/PydRobot/PYRo-engineer/robot/engineer/Arm/arm_control_execute.h:33:14:void pyro::Axis_control_t::get_current_position(float&)	16	static
D:/WorkSpace/PydRobot/PYRo-engineer/robot/engineer/Arm/arm_control_execute.cpp:21:1:pyro::Axis_control_t::Axis_control_t(pyro::motor_base_t*, pyro::pid_t*, pyro::pid_t*)	24	static
D:/WorkSpace/PydRobot/PYRo-engineer/robot/engineer/Arm/arm_control_execute.cpp:27:1:pyro::Axis_control_t::~Axis_control_t()	16	static
D:/WorkSpace/PydRobot/PYRo-engineer/robot/engineer/Arm/arm_control_execute.cpp:29:6:void pyro::Axis_control_t::set_target(float)	16	static
D:/WorkSpace/PydRobot/PYRo-engineer/robot/engineer/Arm/arm_control_execute.cpp:56:6:void pyro::Axis_control_t::update_feedback()	16	static
D:/WorkSpace/PydRobot/PYRo-engineer/robot/engineer/Arm/arm_control_execute.cpp:73:6:void pyro::Axis_control_t::pid_control()	24	static
D:/WorkSpace/PydRobot/PYRo-engineer/robot/engineer/Arm/arm_control_execute.cpp:130:6:void pyro::arm_control_init(float (*)[2], float (*)[2], float (*)[2])	32	static
D:/WorkSpace/PydRobot/PYRo-engineer/robot/engineer/Arm/arm_control_execute.cpp:161:6:void pyro::engineer_arm_update()	16	static
D:/WorkSpace/PydRobot/PYRo-engineer/robot/engineer/Arm/arm_control_execute.cpp:194:6:void pyro::engineer_arm_set_target()	8	static
D:/WorkSpace/PydRobot/PYRo-engineer/robot/engineer/Arm/arm_control_execute.cpp:205:6:void pyro::arm_control()	16	static
D:/WorkSpace/PydRobot/PYRo-engineer/robot/engineer/Arm/arm_control_execute.cpp:213:6:void pyro::engineer_arm_zeroforce()	16	static
D:/WorkSpace/PydRobot/PYRo-engineer/robot/engineer/Arm/arm_control_execute.cpp:228:17:void engineer_arm_init(void*)	24	static
D:/WorkSpace/PydRobot/PYRo-engineer/robot/engineer/Arm/arm_control_execute.cpp:275:17:void engineer_arm_mission(void*)	16	static
D:/WorkSpace/PydRobot/PYRo-engineer/robot/engineer/Arm/arm_control_execute.cpp:292:1:void __static_initialization_and_destruction_0()	16	static
D:/WorkSpace/PydRobot/PYRo-engineer/robot/engineer/Arm/arm_control_execute.cpp:292:1:cpp)	8	static
