D:/WorkSpace/OldRobot/PYRo-engineer-old/robot/engineer/Arm/engineer_arm_planning_mission.cpp:62:6:void arm_planner_t::init()	24	static
D:/WorkSpace/OldRobot/PYRo-engineer-old/robot/engineer/Arm/engineer_arm_planning_mission.cpp:86:6:void arm_planner_t::update_async()	16	static
D:/WorkSpace/OldRobot/PYRo-engineer-old/robot/engineer/Arm/engineer_arm_planning_mission.cpp:95:6:void arm_planner_t::update()	16	static
D:/WorkSpace/OldRobot/PYRo-engineer-old/robot/engineer/Arm/engineer_arm_planning_mission.cpp:104:6:void arm_planner_t::transition_process()	32	static
D:/WorkSpace/OldRobot/PYRo-engineer-old/robot/engineer/Arm/engineer_arm_planning_mission.cpp:169:6:void arm_planner_t::fixed_motion_process()	56	static
D:/WorkSpace/OldRobot/PYRo-engineer-old/robot/engineer/Arm/engineer_arm_planning_mission.cpp:276:6:void arm_planner_t::planning_application()	32	static
D:/WorkSpace/OldRobot/PYRo-engineer-old/robot/engineer/Arm/engineer_arm_planning_mission.cpp:355:6:void arm_planner_t::application_async()	16	static
D:/WorkSpace/OldRobot/PYRo-engineer-old/robot/engineer/Arm/engineer_arm_planning_mission.h:33:1:user_command_t::user_command_t()	16	static
D:/WorkSpace/OldRobot/PYRo-engineer-old/robot/engineer/Arm/engineer_arm_planning_mission.cpp:32:7:arm_planner_t::arm_planner_t()	16	static
D:/WorkSpace/OldRobot/PYRo-engineer-old/robot/engineer/Arm/engineer_arm_planning_mission.cpp:403:17:void engineer_arm_planning_mission(void*)	24	static
D:/WorkSpace/OldRobot/PYRo-engineer-old/robot/engineer/Arm/engineer_arm_planning_mission.cpp:32:7:arm_planner_t::~arm_planner_t()	16	static
D:/WorkSpace/OldRobot/PYRo-engineer-old/robot/engineer/Arm/engineer_arm_planning_mission.cpp:440:1:void __static_initialization_and_destruction_0()	8	static
D:/WorkSpace/OldRobot/PYRo-engineer-old/robot/engineer/Arm/engineer_arm_planning_mission.cpp:440:1:cpp)	8	static
