D:/WorkSpace/PydRobot/PYRo-engineer/robot/engineer/Arm/pyro_processing_thread.cpp:52:21:float clamp(float, float, float)	24	static
D:/WorkSpace/PydRobot/PYRo-engineer/robot/engineer/Arm/pyro_processing_thread.cpp:59:17:uint32_t get_or_create_topic(const char*, pyro::data_type_t)	24	static
D:/WorkSpace/PydRobot/PYRo-engineer/robot/engineer/Arm/pyro_processing_thread.cpp:72:13:void processing_init()	8	static
D:/WorkSpace/PydRobot/PYRo-engineer/robot/engineer/Arm/pyro_processing_thread.cpp:95:17:void pyro_processing_thread(void*)	120	static
