D:/Environment/arm-gnu-toolchain-15.2.rel1-mingw-w64-x86_64-arm-none-eabi/arm-none-eabi/include/c++/15.2.1/bits/std_abs.h:81:3:constexpr float std::abs(float)	16	static
D:/Environment/arm-gnu-toolchain-15.2.rel1-mingw-w64-x86_64-arm-none-eabi/arm-none-eabi/include/c++/15.2.1/cmath:449:3:constexpr float std::sqrt(float)	16	static
D:/WorkSpace/OldRobot/PYRo-engineer-old/PYRo/Algorithm/OLS/pyro_algo_ols.h:30:7:pyro::ols_t::~ols_t()	16	static
D:/WorkSpace/OldRobot/PYRo-engineer-old/PYRo/Algorithm/PID/pyro_algo_pid.h:33:7:pyro::pid_t::~pid_t()	16	static
D:/WorkSpace/OldRobot/PYRo-engineer-old/PYRo/Algorithm/Powercontrol/pyro_power_control.h:77:5:pyro::power_controller_t::~power_controller_t()	16	static
D:/WorkSpace/OldRobot/PYRo-engineer-old/PYRo/Algorithm/Powercontrol/pyro_power_control.cpp:6:21:static pyro::power_controller_t& pyro::power_controller_t::get_instance()	8	static
D:/WorkSpace/OldRobot/PYRo-engineer-old/PYRo/Algorithm/Powercontrol/pyro_power_control.cpp:12:1:pyro::power_controller_t::power_controller_t()	16	static
D:/WorkSpace/OldRobot/PYRo-engineer-old/PYRo/Algorithm/Powercontrol/pyro_power_control.cpp:19:1:pyro::power_node_t* pyro::power_controller_t::register_motor(const pyro::power_fit_params_t&)	32	static
D:/WorkSpace/OldRobot/PYRo-engineer-old/PYRo/Algorithm/Powercontrol/pyro_power_control.cpp:31:6:void pyro::power_controller_t::config_buffer_loop(float, float, float, float)	32	static
D:/WorkSpace/OldRobot/PYRo-engineer-old/PYRo/Algorithm/Powercontrol/pyro_power_control.cpp:39:6:void pyro::power_controller_t::config_buffer_loop(float)	16	static
D:/WorkSpace/OldRobot/PYRo-engineer-old/PYRo/Algorithm/Powercontrol/pyro_power_control.cpp:45:6:void pyro::power_controller_t::solve(float, float, float)	152	static
D:/Environment/arm-gnu-toolchain-15.2.rel1-mingw-w64-x86_64-arm-none-eabi/arm-none-eabi/include/c++/15.2.1/bits/stl_vector.h:800:7:std::vector<_Tp, _Alloc>::~vector() [with _Tp = float; _Alloc = std::allocator<float>]	40	static
D:/Environment/arm-gnu-toolchain-15.2.rel1-mingw-w64-x86_64-arm-none-eabi/arm-none-eabi/include/c++/15.2.1/bits/stl_algobase.h:258:5:constexpr const _Tp& std::max(const _Tp&, const _Tp&) [with _Tp = float]	16	static
D:/Environment/arm-gnu-toolchain-15.2.rel1-mingw-w64-x86_64-arm-none-eabi/arm-none-eabi/include/c++/15.2.1/bits/stl_algo.h:3636:5:constexpr const _Tp& std::clamp(const _Tp&, const _Tp&, const _Tp&) [with _Tp = float]	24	static
D:/Environment/arm-gnu-toolchain-15.2.rel1-mingw-w64-x86_64-arm-none-eabi/arm-none-eabi/include/c++/15.2.1/bits/stl_vector.h:139:14:std::_Vector_base<float, std::allocator<float> >::_Vector_impl::~_Vector_impl()	24	static
D:/Environment/arm-gnu-toolchain-15.2.rel1-mingw-w64-x86_64-arm-none-eabi/arm-none-eabi/include/c++/15.2.1/bits/stl_vector.h:373:7:std::_Vector_base<_Tp, _Alloc>::~_Vector_base() [with _Tp = float; _Alloc = std::allocator<float>]	16	static
D:/Environment/arm-gnu-toolchain-15.2.rel1-mingw-w64-x86_64-arm-none-eabi/arm-none-eabi/include/c++/15.2.1/bits/stl_vector.h:307:7:std::_Vector_base<_Tp, _Alloc>::_Tp_alloc_type& std::_Vector_base<_Tp, _Alloc>::_M_get_Tp_allocator() [with _Tp = float; _Alloc = std::allocator<float>]	16	static
D:/Environment/arm-gnu-toolchain-15.2.rel1-mingw-w64-x86_64-arm-none-eabi/arm-none-eabi/include/c++/15.2.1/bits/stl_algobase.h:234:5:constexpr const _Tp& std::min(const _Tp&, const _Tp&) [with _Tp = float]	16	static
D:/Environment/arm-gnu-toolchain-15.2.rel1-mingw-w64-x86_64-arm-none-eabi/arm-none-eabi/include/c++/15.2.1/bits/stl_vector.h:392:7:void std::_Vector_base<_Tp, _Alloc>::_M_deallocate(pointer, std::size_t) [with _Tp = float; _Alloc = std::allocator<float>]	40	static
D:/Environment/arm-gnu-toolchain-15.2.rel1-mingw-w64-x86_64-arm-none-eabi/arm-none-eabi/include/c++/15.2.1/bits/stl_construct.h:219:5:void std::_Destroy(_ForwardIterator, _ForwardIterator) [with _ForwardIterator = float*]	16	static
D:/Environment/arm-gnu-toolchain-15.2.rel1-mingw-w64-x86_64-arm-none-eabi/arm-none-eabi/include/c++/15.2.1/bits/new_allocator.h:104:7:std::__new_allocator<_Tp>::~__new_allocator() [with _Tp = float]	16	static
D:/Environment/arm-gnu-toolchain-15.2.rel1-mingw-w64-x86_64-arm-none-eabi/arm-none-eabi/include/c++/15.2.1/bits/new_allocator.h:156:7:void std::__new_allocator<_Tp>::deallocate(_Tp*, size_type) [with _Tp = float]	24	static
